Component: ARM Compiler 5.06 update 6 (build 750) Tool: armlink [4d35ed]

==============================================================================

Section Cross References

    main.o(i.main) refers to _printf_percent.o(.ARM.Collect$$_printf_percent$$00000000) for _printf_percent
    main.o(i.main) refers to _printf_f.o(.ARM.Collect$$_printf_percent$$00000003) for _printf_f
    main.o(i.main) refers to printf1.o(x$fpl$printf1) for _printf_fp_dec
    main.o(i.main) refers to misc.o(i.NVIC_PriorityGroupConfig) for NVIC_PriorityGroupConfig
    main.o(i.main) refers to usart.o(i.uart_init) for uart_init
    main.o(i.main) refers to delay.o(i.delay_init) for delay_init
    main.o(i.main) refers to led.o(i.LED_Init) for LED_Init
    main.o(i.main) refers to mpu6050.o(i.MPU_Init) for MPU_Init
    main.o(i.main) refers to delay.o(i.delay_ms) for delay_ms
    main.o(i.main) refers to inv_mpu.o(i.mpu_dmp_init) for mpu_dmp_init
    main.o(i.main) refers to inv_mpu.o(i.mpu_dmp_get_data) for mpu_dmp_get_data
    main.o(i.main) refers to f2d.o(x$fpl$f2d) for __aeabi_f2d
    main.o(i.main) refers to noretval__2printf.o(.text) for __2printf
    system_stm32f10x.o(i.SetSysClock) refers to system_stm32f10x.o(i.SetSysClockTo72) for SetSysClockTo72
    system_stm32f10x.o(i.SystemCoreClockUpdate) refers to system_stm32f10x.o(.data) for SystemCoreClock
    system_stm32f10x.o(i.SystemInit) refers to system_stm32f10x.o(i.SetSysClock) for SetSysClock
    led.o(i.LED_Init) refers to stm32f10x_rcc.o(i.RCC_APB2PeriphClockCmd) for RCC_APB2PeriphClockCmd
    led.o(i.LED_Init) refers to stm32f10x_gpio.o(i.GPIO_Init) for GPIO_Init
    led.o(i.LED_Init) refers to stm32f10x_gpio.o(i.GPIO_SetBits) for GPIO_SetBits
    mpuiic.o(i.MPU_IIC_Ack) refers to mpuiic.o(i.MPU_IIC_Delay) for MPU_IIC_Delay
    mpuiic.o(i.MPU_IIC_Delay) refers to delay.o(i.delay_us) for delay_us
    mpuiic.o(i.MPU_IIC_Init) refers to stm32f10x_rcc.o(i.RCC_APB2PeriphClockCmd) for RCC_APB2PeriphClockCmd
    mpuiic.o(i.MPU_IIC_Init) refers to stm32f10x_gpio.o(i.GPIO_Init) for GPIO_Init
    mpuiic.o(i.MPU_IIC_Init) refers to stm32f10x_gpio.o(i.GPIO_SetBits) for GPIO_SetBits
    mpuiic.o(i.MPU_IIC_NAck) refers to mpuiic.o(i.MPU_IIC_Delay) for MPU_IIC_Delay
    mpuiic.o(i.MPU_IIC_Read_Byte) refers to mpuiic.o(i.MPU_IIC_Delay) for MPU_IIC_Delay
    mpuiic.o(i.MPU_IIC_Read_Byte) refers to mpuiic.o(i.MPU_IIC_NAck) for MPU_IIC_NAck
    mpuiic.o(i.MPU_IIC_Read_Byte) refers to mpuiic.o(i.MPU_IIC_Ack) for MPU_IIC_Ack
    mpuiic.o(i.MPU_IIC_Send_Byte) refers to mpuiic.o(i.MPU_IIC_Delay) for MPU_IIC_Delay
    mpuiic.o(i.MPU_IIC_Start) refers to mpuiic.o(i.MPU_IIC_Delay) for MPU_IIC_Delay
    mpuiic.o(i.MPU_IIC_Stop) refers to mpuiic.o(i.MPU_IIC_Delay) for MPU_IIC_Delay
    mpuiic.o(i.MPU_IIC_Wait_Ack) refers to mpuiic.o(i.MPU_IIC_Delay) for MPU_IIC_Delay
    mpuiic.o(i.MPU_IIC_Wait_Ack) refers to mpuiic.o(i.MPU_IIC_Stop) for MPU_IIC_Stop
    mpu6050.o(i.MPU_Get_Accelerometer) refers to mpu6050.o(i.MPU_Read_Len) for MPU_Read_Len
    mpu6050.o(i.MPU_Get_Gyroscope) refers to mpu6050.o(i.MPU_Read_Len) for MPU_Read_Len
    mpu6050.o(i.MPU_Get_Temperature) refers to mpu6050.o(i.MPU_Read_Len) for MPU_Read_Len
    mpu6050.o(i.MPU_Get_Temperature) refers to dflt_clz.o(x$fpl$dflt) for __aeabi_i2d
    mpu6050.o(i.MPU_Get_Temperature) refers to ddiv.o(x$fpl$ddiv) for __aeabi_ddiv
    mpu6050.o(i.MPU_Get_Temperature) refers to daddsub_clz.o(x$fpl$dadd) for __aeabi_dadd
    mpu6050.o(i.MPU_Get_Temperature) refers to d2f.o(x$fpl$d2f) for __aeabi_d2f
    mpu6050.o(i.MPU_Get_Temperature) refers to fmul.o(x$fpl$fmul) for __aeabi_fmul
    mpu6050.o(i.MPU_Get_Temperature) refers to ffix.o(x$fpl$ffix) for __aeabi_f2iz
    mpu6050.o(i.MPU_Init) refers to stm32f10x_rcc.o(i.RCC_APB2PeriphClockCmd) for RCC_APB2PeriphClockCmd
    mpu6050.o(i.MPU_Init) refers to stm32f10x_gpio.o(i.GPIO_Init) for GPIO_Init
    mpu6050.o(i.MPU_Init) refers to stm32f10x_gpio.o(i.GPIO_PinRemapConfig) for GPIO_PinRemapConfig
    mpu6050.o(i.MPU_Init) refers to mpuiic.o(i.MPU_IIC_Init) for MPU_IIC_Init
    mpu6050.o(i.MPU_Init) refers to mpu6050.o(i.MPU_Write_Byte) for MPU_Write_Byte
    mpu6050.o(i.MPU_Init) refers to delay.o(i.delay_ms) for delay_ms
    mpu6050.o(i.MPU_Init) refers to mpu6050.o(i.MPU_Set_Gyro_Fsr) for MPU_Set_Gyro_Fsr
    mpu6050.o(i.MPU_Init) refers to mpu6050.o(i.MPU_Set_Accel_Fsr) for MPU_Set_Accel_Fsr
    mpu6050.o(i.MPU_Init) refers to mpu6050.o(i.MPU_Set_Rate) for MPU_Set_Rate
    mpu6050.o(i.MPU_Init) refers to mpu6050.o(i.MPU_Read_Byte) for MPU_Read_Byte
    mpu6050.o(i.MPU_Read_Byte) refers to mpuiic.o(i.MPU_IIC_Start) for MPU_IIC_Start
    mpu6050.o(i.MPU_Read_Byte) refers to mpuiic.o(i.MPU_IIC_Send_Byte) for MPU_IIC_Send_Byte
    mpu6050.o(i.MPU_Read_Byte) refers to mpuiic.o(i.MPU_IIC_Wait_Ack) for MPU_IIC_Wait_Ack
    mpu6050.o(i.MPU_Read_Byte) refers to mpuiic.o(i.MPU_IIC_Read_Byte) for MPU_IIC_Read_Byte
    mpu6050.o(i.MPU_Read_Byte) refers to mpuiic.o(i.MPU_IIC_Stop) for MPU_IIC_Stop
[...]
    i.atan                                   0x08002658   Section        0  atan.o(i.atan)
    i.atan2                                  0x08002878   Section        0  atan2.o(i.atan2)
    i.decode_gesture                         0x080029f8   Section        0  inv_mpu_dmp_motion_driver.o(i.decode_gesture)
    decode_gesture                           0x080029f9   Thumb Code    94  inv_mpu_dmp_motion_driver.o(i.decode_gesture)
    i.delay_init                             0x08002a5c   Section        0  delay.o(i.delay_init)
    i.delay_ms                               0x08002aa0   Section        0  delay.o(i.delay_ms)
    i.delay_us                               0x08002aec   Section        0  delay.o(i.delay_us)
    i.dmp_enable_6x_lp_quat                  0x08002b38   Section        0  inv_mpu_dmp_motion_driver.o(i.dmp_enable_6x_lp_quat)
    i.dmp_enable_feature                     0x08002b74   Section        0  inv_mpu_dmp_motion_driver.o(i.dmp_enable_feature)
    i.dmp_enable_gyro_cal                    0x08002d90   Section        0  inv_mpu_dmp_motion_driver.o(i.dmp_enable_gyro_cal)
    i.dmp_enable_lp_quat                     0x08002de8   Section        0  inv_mpu_dmp_motion_driver.o(i.dmp_enable_lp_quat)
    i.dmp_load_motion_driver_firmware        0x08002e24   Section        0  inv_mpu_dmp_motion_driver.o(i.dmp_load_motion_driver_firmware)
    i.dmp_read_fifo                          0x08002e3c   Section        0  inv_mpu_dmp_motion_driver.o(i.dmp_read_fifo)
    i.dmp_set_accel_bias                     0x08003008   Section        0  inv_mpu_dmp_motion_driver.o(i.dmp_set_accel_bias)
    i.dmp_set_fifo_rate                      0x08003138   Section        0  inv_mpu_dmp_motion_driver.o(i.dmp_set_fifo_rate)
    i.dmp_set_gyro_bias                      0x080031a8   Section        0  inv_mpu_dmp_motion_driver.o(i.dmp_set_gyro_bias)
    i.dmp_set_orientation                    0x080032d8   Section        0  inv_mpu_dmp_motion_driver.o(i.dmp_set_orientation)
    i.dmp_set_shake_reject_thresh            0x08003410   Section        0  inv_mpu_dmp_motion_driver.o(i.dmp_set_shake_reject_thresh)
    i.dmp_set_shake_reject_time              0x08003448   Section        0  inv_mpu_dmp_motion_driver.o(i.dmp_set_shake_reject_time)
    i.dmp_set_shake_reject_timeout           0x0800346e   Section        0  inv_mpu_dmp_motion_driver.o(i.dmp_set_shake_reject_timeout)
    i.dmp_set_tap_axes                       0x08003494   Section        0  inv_mpu_dmp_motion_driver.o(i.dmp_set_tap_axes)
    i.dmp_set_tap_count                      0x080034da   Section        0  inv_mpu_dmp_motion_driver.o(i.dmp_set_tap_count)
    i.dmp_set_tap_thresh                     0x08003500   Section        0  inv_mpu_dmp_motion_driver.o(i.dmp_set_tap_thresh)
    i.dmp_set_tap_time                       0x080036a0   Section        0  inv_mpu_dmp_motion_driver.o(i.dmp_set_tap_time)
    i.dmp_set_tap_time_multi                 0x080036c6   Section        0  inv_mpu_dmp_motion_driver.o(i.dmp_set_tap_time_multi)
    i.fputc                                  0x080036ec   Section        0  usart.o(i.fputc)
    i.get_accel_prod_shift                   0x08003708   Section        0  inv_mpu.o(i.get_accel_prod_shift)
    get_accel_prod_shift                     0x08003709   Thumb Code   168  inv_mpu.o(i.get_accel_prod_shift)
    i.get_st_biases                          0x080037bc   Section        0  inv_mpu.o(i.get_st_biases)
    get_st_biases                            0x080037bd   Thumb Code  1132  inv_mpu.o(i.get_st_biases)
    i.gyro_self_test                         0x08003c2c   Section        0  inv_mpu.o(i.gyro_self_test)
    gyro_self_test                           0x08003c2d   Thumb Code   256  inv_mpu.o(i.gyro_self_test)
    i.inv_orientation_matrix_to_scalar       0x08003d3c   Section        0  inv_mpu.o(i.inv_orientation_matrix_to_scalar)
    i.inv_row_2_scale                        0x08003d64   Section        0  inv_mpu.o(i.inv_row_2_scale)
    i.main                                   0x08003db4   Section        0  main.o(i.main)
    i.mget_ms                                0x08003e48   Section        0  inv_mpu.o(i.mget_ms)
    i.mpu_configure_fifo                     0x08003e4c   Section        0  inv_mpu.o(i.mpu_configure_fifo)
    i.mpu_dmp_get_data                       0x08003ebc   Section        0  inv_mpu.o(i.mpu_dmp_get_data)
    i.mpu_dmp_init                           0x080040e0   Section        0  inv_mpu.o(i.mpu_dmp_init)
    i.mpu_get_accel_fsr                      0x08004180   Section        0  inv_mpu.o(i.mpu_get_accel_fsr)
    i.mpu_get_accel_sens                     0x080041cc   Section        0  inv_mpu.o(i.mpu_get_accel_sens)
    i.mpu_get_fifo_config                    0x08004220   Section        0  inv_mpu.o(i.mpu_get_fifo_config)
    i.mpu_get_gyro_fsr                       0x08004230   Section        0  inv_mpu.o(i.mpu_get_gyro_fsr)
    i.mpu_get_gyro_sens                      0x08004274   Section        0  inv_mpu.o(i.mpu_get_gyro_sens)
    i.mpu_get_lpf                            0x080042c4   Section        0  inv_mpu.o(i.mpu_get_lpf)
    i.mpu_get_sample_rate                    0x08004314   Section        0  inv_mpu.o(i.mpu_get_sample_rate)
    i.mpu_init                               0x08004334   Section        0  inv_mpu.o(i.mpu_init)
    i.mpu_load_firmware                      0x08004524   Section        0  inv_mpu.o(i.mpu_load_firmware)
    i.mpu_lp_accel_mode                      0x080045dc   Section        0  inv_mpu.o(i.mpu_lp_accel_mode)
    i.mpu_read_fifo_stream                   0x080046bc   Section        0  inv_mpu.o(i.mpu_read_fifo_stream)
    i.mpu_read_mem                           0x0800477c   Section        0  inv_mpu.o(i.mpu_read_mem)
    i.mpu_reset_fifo                         0x080047fc   Section        0  inv_mpu.o(i.mpu_reset_fifo)
    i.mpu_run_self_test                      0x080049c4   Section        0  inv_mpu.o(i.mpu_run_self_test)
    i.mpu_set_accel_fsr                      0x08004ae0   Section        0  inv_mpu.o(i.mpu_set_accel_fsr)
    i.mpu_set_bypass                         0x08004b64   Section        0  inv_mpu.o(i.mpu_set_bypass)
    i.mpu_set_dmp_state                      0x08004cb0   Section        0  inv_mpu.o(i.mpu_set_dmp_state)
    i.mpu_set_gyro_fsr                       0x08004d40   Section        0  inv_mpu.o(i.mpu_set_gyro_fsr)
    i.mpu_set_int_latched                    0x08004dc8   Section        0  inv_mpu.o(i.mpu_set_int_latched)
    i.mpu_set_lpf                            0x08004e34   Section        0  inv_mpu.o(i.mpu_set_lpf)
    i.mpu_set_sample_rate                    0x08004eb8   Section        0  inv_mpu.o(i.mpu_set_sample_rate)
    i.mpu_set_sensors                        0x08004f54   Section        0  inv_mpu.o(i.mpu_set_sensors)
    i.mpu_write_mem                          0x08005024   Section        0  inv_mpu.o(i.mpu_write_mem)
    i.run_self_test                          0x080050a4   Section        0  inv_mpu.o(i.run_self_test)
    i.set_int_enable                         0x08005138   Section        0  inv_mpu.o(i.set_int_enable)
    set_int_enable                           0x08005139   Thumb Code   138  inv_mpu.o(i.set_int_enable)
    i.sqrt                                   0x080051c8   Section        0  sqrt.o(i.sqrt)
    i.uart_init                              0x08005214   Section        0  usart.o(i.uart_init)
    locale$$code                             0x080052b4   Section       44  lc_numeric_c.o(locale$$code)
    x$fpl$d2f                                0x080052e0   Section       98  d2f.o(x$fpl$d2f)
    x$fpl$dadd                               0x08005344   Section      336  daddsub_clz.o(x$fpl$dadd)
    _dadd1                                   0x08005355   Thumb Code     0  daddsub_clz.o(x$fpl$dadd)
    x$fpl$dcheck1                            0x08005494   Section       16  dcheck1.o(x$fpl$dcheck1)
    x$fpl$ddiv                               0x080054a4   Section      688  ddiv.o(x$fpl$ddiv)
    ddiv_entry                               0x080054ab   Thumb Code     0  ddiv.o(x$fpl$ddiv)
    x$fpl$dmul                               0x08005754   Section      340  dmul.o(x$fpl$dmul)
    x$fpl$dnaninf                            0x080058a8   Section      156  dnaninf.o(x$fpl$dnaninf)
    x$fpl$dretinf                            0x08005944   Section       12  dretinf.o(x$fpl$dretinf)
    x$fpl$drsb                               0x08005950   Section       22  daddsub_clz.o(x$fpl$drsb)
    x$fpl$dsqrt                              0x08005968   Section      460  dsqrt_noumaal.o(x$fpl$dsqrt)
    x$fpl$dsub                               0x08005b34   Section      468  daddsub_clz.o(x$fpl$dsub)
    _dsub1                                   0x08005b45   Thumb Code     0  daddsub_clz.o(x$fpl$dsub)
    x$fpl$f2d                                0x08005d08   Section       86  f2d.o(x$fpl$f2d)
    x$fpl$fadd                               0x08005d60   Section      196  faddsub_clz.o(x$fpl$fadd)
    _fadd1                                   0x08005d6f   Thumb Code     0  faddsub_clz.o(x$fpl$fadd)
    x$fpl$fcmpinf                            0x08005e24   Section       24  fcmpi.o(x$fpl$fcmpinf)
    x$fpl$fdiv                               0x08005e3c   Section      388  fdiv.o(x$fpl$fdiv)
    _fdiv1                                   0x08005e3d   Thumb Code     0  fdiv.o(x$fpl$fdiv)
    x$fpl$feqf                               0x08005fc0   Section      104  feqf.o(x$fpl$feqf)
    x$fpl$ffix                               0x08006028   Section       54  ffix.o(x$fpl$ffix)
    x$fpl$ffixu                              0x08006060   Section       62  ffixu.o(x$fpl$ffixu)
    x$fpl$fflt                               0x080060a0   Section       48  fflt_clz.o(x$fpl$fflt)
    x$fpl$ffltu                              0x080060d0   Section       38  fflt_clz.o(x$fpl$ffltu)
    x$fpl$fleqf                              0x080060f8   Section      104  fleqf.o(x$fpl$fleqf)
    x$fpl$fmul                               0x08006160   Section      258  fmul.o(x$fpl$fmul)
    x$fpl$fnaninf                            0x08006262   Section      140  fnaninf.o(x$fpl$fnaninf)
    x$fpl$fretinf                            0x080062ee   Section       10  fretinf.o(x$fpl$fretinf)
    x$fpl$frleqf                             0x080062f8   Section       98  frleqf.o(x$fpl$frleqf)
    x$fpl$fsub                               0x0800635c   Section      234  faddsub_clz.o(x$fpl$fsub)
    _fsub1                                   0x0800636b   Thumb Code     0  faddsub_clz.o(x$fpl$fsub)
    x$fpl$printf1                            0x08006446   Section        4  printf1.o(x$fpl$printf1)
    x$fpl$retnan                             0x0800644a   Section      100  retnan.o(x$fpl$retnan)
    x$fpl$scalbn                             0x080064ae   Section       92  scalbn.o(x$fpl$scalbn)
    x$fpl$trapveneer                         0x0800650a   Section       48  trapv.o(x$fpl$trapveneer)
    x$fpl$usenofp                            0x0800653a   Section        0  usenofp.o(x$fpl$usenofp)
    .constdata                               0x0800653c   Section       80  inv_mpu.o(.constdata)
    .constdata                               0x0800658c   Section     3062  inv_mpu_dmp_motion_driver.o(.constdata)
    dmp_memory                               0x0800658c   Data        3062  inv_mpu_dmp_motion_driver.o(.constdata)
    .constdata                               0x08007182   Section       17  __printf_flags_wp.o(.constdata)
    maptable                                 0x08007182   Data          17  __printf_flags_wp.o(.constdata)
    .constdata                               0x08007198   Section       80  asin.o(.constdata)
    pS                                       0x08007198   Data          48  asin.o(.constdata)
    qS                                       0x080071c8   Data          32  asin.o(.constdata)
    .constdata                               0x080071e8   Section      152  atan.o(.constdata)
    atanhi                                   0x080071e8   Data          32  atan.o(.constdata)
    atanlo                                   0x08007208   Data          32  atan.o(.constdata)
    aTodd                                    0x08007228   Data          40  atan.o(.constdata)
    aTeven                                   0x08007250   Data          48  atan.o(.constdata)
    .constdata                               0x08007280   Section        8  qnan.o(.constdata)
    .constdata                               0x08007288   Section      148  bigflt0.o(.constdata)
    tenpwrs_x                                0x08007288   Data          60  bigflt0.o(.constdata)
    tenpwrs_i                                0x080072c4   Data          64  bigflt0.o(.constdata)
    .conststring                             0x0800731c   Section       77  inv_mpu.o(.conststring)
    locale$$data                             0x0800738c   Section       28  lc_numeric_c.o(locale$$data)
    __lcnum_c_name                           0x08007390   Data           2  lc_numeric_c.o(locale$$data)
    __lcnum_c_start                          0x08007398   Data           0  lc_numeric_c.o(locale$$data)
    __lcnum_c_point                          0x080073a4   Data           0  lc_numeric_c.o(locale$$data)
    __lcnum_c_thousands                      0x080073a6   Data           0  lc_numeric_c.o(locale$$data)
    __lcnum_c_grouping                       0x080073a7   Data           0  lc_numeric_c.o(locale$$data)
    __lcnum_c_end                            0x080073a8   Data           0  lc_numeric_c.o(locale$$data)
    .data                                    0x20000000   Section       20  system_stm32f10x.o(.data)
    .data                                    0x20000014   Section       53  inv_mpu.o(.data)
    st                                       0x20000014   Data          44  inv_mpu.o(.data)
    gyro_orientation                         0x20000040   Data           9  inv_mpu.o(.data)
    .data                                    0x2000004a   Section        4  delay.o(.data)
    fac_us                                   0x2000004a   Data           1  delay.o(.data)
    fac_ms                                   0x2000004c   Data           2  delay.o(.data)
    .data                                    0x20000050   Section        6  usart.o(.data)
    .data                                    0x20000056   Section       20  stm32f10x_rcc.o(.data)
    APBAHBPrescTable                         0x20000056   Data          16  stm32f10x_rcc.o(.data)
    ADCPrescTable                            0x20000066   Data           4  stm32f10x_rcc.o(.data)
    .bss                                     0x2000006c   Section       16  inv_mpu_dmp_motion_driver.o(.bss)
    dmp                                      0x2000006c   Data          16  inv_mpu_dmp_motion_driver.o(.bss)
    .bss                                     0x2000007c   Section      200  usart.o(.bss)
    .bss                                     0x20000144   Section       96  libspace.o(.bss)
    HEAP                                     0x200001a8   Section      512  startup_stm32f10x_hd.o(HEAP)
    Heap_Mem                                 0x200001a8   Data         512  startup_stm32f10x_hd.o(HEAP)
    STACK                                    0x200003a8   Section     1024  startup_stm32f10x_hd.o(STACK)
    Stack_Mem                                0x200003a8   Data        1024  startup_stm32f10x_hd.o(STACK)
    __initial_sp                             0x200007a8   Data           0  startup_stm32f10x_hd.o(STACK)

    Global Symbols

    Symbol Name                              Value     Ov Type        Size  Object(Section)

    BuildAttributes$$THM_ISAv4$P$D$K$B$S$PE$A:L22UL41UL21$X:L11$S22US41US21$IEEE1$IW$USESV6$~STKCKD$USESV7$~SHL$OTIME$ROPI$IEEEX$EBA8$UX$STANDARDLIB$REQ8$PRES8$EABIv2 0x00000000   Number         0  anon$$obj.o ABSOLUTE
    __ARM_use_no_argv                        0x00000000   Number         0  main.o ABSOLUTE
    _printf_flags                            0x00000000   Number         0  printf_stubs.o ABSOLUTE
    _printf_return_value                     0x00000000   Number         0  printf_stubs.o ABSOLUTE
    _printf_sizespec                         0x00000000   Number         0  printf_stubs.o ABSOLUTE
    _printf_widthprec                        0x00000000   Number         0  printf_stubs.o ABSOLUTE
    __ARM_exceptions_init                     - Undefined Weak Reference
    __alloca_initialize                       - Undefined Weak Reference
    __arm_preinit_                            - Undefined Weak Reference
    __cpp_initialize__aeabi_                  - Undefined Weak Reference
    __cxa_finalize                            - Undefined Weak Reference
    __sigvec_lookup                           - Undefined Weak Reference
    _atexit_init                              - Undefined Weak Reference
    _call_atexit_fns                          - Undefined Weak Reference
    _clock_init                               - Undefined Weak Reference
    _fp_trap_init                             - Undefined Weak Reference
    _fp_trap_shutdown                         - Undefined Weak Reference
    _get_lc_collate                           - Undefined Weak Reference
    _get_lc_ctype                             - Undefined Weak Reference
    _get_lc_monetary                          - Undefined Weak Reference
    _get_lc_time                              - Undefined Weak Reference
    _getenv_init                              - Undefined Weak Reference
    _handle_redirection                       - Undefined Weak Reference
    _init_alloc                               - Undefined Weak Reference
    _init_user_alloc                          - Undefined Weak Reference
    _initio                                   - Undefined Weak Reference
    _mutex_acquire                            - Undefined Weak Reference
    _mutex_release                            - Undefined Weak Reference
    _printf_truncate_signed                   - Undefined Weak Reference
    _printf_truncate_unsigned                 - Undefined Weak Reference
    _rand_init                                - Undefined Weak Reference
    _signal_finish                            - Undefined Weak Reference
    _signal_init                              - Undefined Weak Reference
    _terminate_alloc                          - Undefined Weak Reference
    _terminate_user_alloc                     - Undefined Weak Reference
    _terminateio                              - Undefined Weak Reference
    __Vectors_Size                           0x00000130   Number         0  startup_stm32f10x_hd.o ABSOLUTE
    __Vectors                                0x08000000   Data           4  startup_stm32f10x_hd.o(RESET)
    __Vectors_End                            0x08000130   Data           0  startup_stm32f10x_hd.o(RESET)
    __main                                   0x08000131   Thumb Code     8  __main.o(!!!main)
    __scatterload                            0x08000139   Thumb Code     0  __scatter.o(!!!scatter)
    __scatterload_rt2                        0x08000139   Thumb Code    44  __scatter.o(!!!scatter)
    __scatterload_rt2_thumb_only             0x08000139   Thumb Code     0  __scatter.o(!!!scatter)
    __scatterload_null                       0x08000147   Thumb Code     0  __scatter.o(!!!scatter)
    __scatterload_copy                       0x0800016d   Thumb Code    26  __scatter_copy.o(!!handler_copy)
    __scatterload_zeroinit                   0x08000189   Thumb Code    28  __scatter_zi.o(!!handler_zi)
    _printf_f                                0x080001a5   Thumb Code     0  _printf_f.o(.ARM.Collect$$_printf_percent$$00000003)
    _printf_percent                          0x080001a5   Thumb Code     0  _printf_percent.o(.ARM.Collect$$_printf_percent$$00000000)
    _printf_d                                0x080001ab   Thumb Code     0  _printf_d.o(.ARM.Collect$$_printf_percent$$00000009)
    _printf_percent_end                      0x080001b1   Thumb Code     0  _printf_percent_end.o(.ARM.Collect$$_printf_percent$$00000017)
    __rt_lib_init                            0x080001b5   Thumb Code     0  libinit.o(.ARM.Collect$$libinit$$00000000)
    __rt_lib_init_fp_1                       0x080001b7   Thumb Code     0  libinit2.o(.ARM.Collect$$libinit$$00000002)
    __rt_lib_init_heap_1                     0x080001b7   Thumb Code     0  libinit2.o(.ARM.Collect$$libinit$$0000000A)
    __rt_lib_init_lc_common                  0x080001b7   Thumb Code     0  libinit2.o(.ARM.Collect$$libinit$$0000000F)
    __rt_lib_init_preinit_1                  0x080001b7   Thumb Code     0  libinit2.o(.ARM.Collect$$libinit$$00000004)
    __rt_lib_init_rand_1                     0x080001b7   Thumb Code     0  libinit2.o(.ARM.Collect$$libinit$$0000000E)
    __rt_lib_init_user_alloc_1               0x080001b7   Thumb Code     0  libinit2.o(.ARM.Collect$$libinit$$0000000C)
    __rt_lib_init_lc_collate_1               0x080001bd   Thumb Code     0  libinit2.o(.ARM.Collect$$libinit$$00000011)
    __rt_lib_init_lc_ctype_1                 0x080001bd   Thumb Code     0  libinit2.o(.ARM.Collect$$libinit$$00000013)
    __rt_lib_init_lc_monetary_1              0x080001bd   Thumb Code     0  libinit2.o(.ARM.Collect$$libinit$$00000015)
    __rt_lib_init_lc_numeric_2               0x080001bd   Thumb Code     0  libinit2.o(.ARM.Collect$$libinit$$00000016)
    __rt_lib_init_alloca_1                   0x080001c7   Thumb Code     0  libinit2.o(.ARM.Collect$$libinit$$0000002E)
    __rt_lib_init_argv_1                     0x080001c7   Thumb Code     0  libinit2.o(.ARM.Collect$$libinit$$0000002C)
    __rt_lib_init_atexit_1                   0x080001c7   Thumb Code     0  libinit2.o(.ARM.Collect$$libinit$$0000001B)
    __rt_lib_init_clock_1                    0x080001c7   Thumb Code     0  libinit2.o(.ARM.Collect$$libinit$$00000021)
    __rt_lib_init_cpp_1                      0x080001c7   Thumb Code     0  libinit2.o(.ARM.Collect$$libinit$$00000032)
    __rt_lib_init_exceptions_1               0x080001c7   Thumb Code     0  libinit2.o(.ARM.Collect$$libinit$$00000030)
    __rt_lib_init_fp_trap_1                  0x080001c7   Thumb Code     0  libinit2.o(.ARM.Collect$$libinit$$0000001F)
    __rt_lib_init_getenv_1                   0x080001c7   Thumb Code     0  libinit2.o(.ARM.Collect$$libinit$$00000023)
    __rt_lib_init_lc_numeric_1               0x080001c7   Thumb Code     0  libinit2.o(.ARM.Collect$$libinit$$00000017)
    __rt_lib_init_lc_time_1                  0x080001c7   Thumb Code     0  libinit2.o(.ARM.Collect$$libinit$$00000019)
    __rt_lib_init_return                     0x080001c7   Thumb Code     0  libinit2.o(.ARM.Collect$$libinit$$00000033)
    __rt_lib_init_signal_1                   0x080001c7   Thumb Code     0  libinit2.o(.ARM.Collect$$libinit$$0000001D)
    __rt_lib_init_stdio_1                    0x080001c7   Thumb Code     0  libinit2.o(.ARM.Collect$$libinit$$00000025)
    __rt_lib_shutdown                        0x080001c9   Thumb Code     0  libshutdown.o(.ARM.Collect$$libshutdown$$00000000)
    __rt_lib_shutdown_cpp_1                  0x080001cb   Thumb Code     0  libshutdown2.o(.ARM.Collect$$libshutdown$$00000002)
    __rt_lib_shutdown_fp_trap_1              0x080001cb   Thumb Code     0  libshutdown2.o(.ARM.Collect$$libshutdown$$00000007)
    __rt_lib_shutdown_heap_1                 0x080001cb   Thumb Code     0  libshutdown2.o(.ARM.Collect$$libshutdown$$0000000F)
    __rt_lib_shutdown_return                 0x080001cb   Thumb Code     0  libshutdown2.o(.ARM.Collect$$libshutdown$$00000010)
    __rt_lib_shutdown_signal_1               0x080001cb   Thumb Code     0  libshutdown2.o(.ARM.Collect$$libshutdown$$0000000A)
    __rt_lib_shutdown_stdio_1                0x080001cb   Thumb Code     0  libshutdown2.o(.ARM.Collect$$libshutdown$$00000004)
    __rt_lib_shutdown_user_alloc_1           0x080001cb   Thumb Code     0  libshutdown2.o(.ARM.Collect$$libshutdown$$0000000C)
    __rt_entry                               0x080001cd   Thumb Code     0  __rtentry.o(.ARM.Collect$$rtentry$$00000000)
    __rt_entry_presh_1                       0x080001cd   Thumb Code     0  __rtentry2.o(.ARM.Collect$$rtentry$$00000002)
    __rt_entry_sh                            0x080001cd   Thumb Code     0  __rtentry4.o(.ARM.Collect$$rtentry$$00000004)
    __rt_entry_li                            0x080001d3   Thumb Code     0  __rtentry2.o(.ARM.Collect$$rtentry$$0000000A)
    __rt_entry_postsh_1                      0x080001d3   Thumb Code     0  __rtentry2.o(.ARM.Collect$$rtentry$$00000009)
    __rt_entry_main                          0x080001d7   Thumb Code     0  __rtentry2.o(.ARM.Collect$$rtentry$$0000000D)
    __rt_entry_postli_1                      0x080001d7   Thumb Code     0  __rtentry2.o(.ARM.Collect$$rtentry$$0000000C)
    __rt_exit                                0x080001df   Thumb Code     0  rtexit.o(.ARM.Collect$$rtexit$$00000000)
    __rt_exit_ls                             0x080001e1   Thumb Code     0  rtexit2.o(.ARM.Collect$$rtexit$$00000003)
    __rt_exit_prels_1                        0x080001e1   Thumb Code     0  rtexit2.o(.ARM.Collect$$rtexit$$00000002)
    __rt_exit_exit                           0x080001e5   Thumb Code     0  rtexit2.o(.ARM.Collect$$rtexit$$00000004)
    Reset_Handler                            0x080001ed   Thumb Code     8  startup_stm32f10x_hd.o(.text)
    ADC1_2_IRQHandler                        0x08000207   Thumb Code     0  startup_stm32f10x_hd.o(.text)
    ADC3_IRQHandler                          0x08000207   Thumb Code     0  startup_stm32f10x_hd.o(.text)
    CAN1_RX1_IRQHandler                      0x08000207   Thumb Code     0  startup_stm32f10x_hd.o(.text)
    CAN1_SCE_IRQHandler                      0x08000207   Thumb Code     0  startup_stm32f10x_hd.o(.text)
    DMA1_Channel1_IRQHandler                 0x08000207   Thumb Code     0  startup_stm32f10x_hd.o(.text)
    DMA1_Channel2_IRQHandler                 0x08000207   Thumb Code     0  startup_stm32f10x_hd.o(.text)
    DMA1_Channel3_IRQHandler                 0x08000207   Thumb Code     0  startup_stm32f10x_hd.o(.text)
    DMA1_Channel4_IRQHandler                 0x08000207   Thumb Code     0  startup_stm32f10x_hd.o(.text)
    DMA1_Channel5_IRQHandler                 0x08000207   Thumb Code     0  startup_stm32f10x_hd.o(.text)
    DMA1_Channel6_IRQHandler                 0x08000207   Thumb Code     0  startup_stm32f10x_hd.o(.text)
    DMA1_Channel7_IRQHandler                 0x08000207   Thumb Code     0  startup_stm32f10x_hd.o(.text)
    DMA2_Channel1_IRQHandler                 0x08000207   Thumb Code     0  startup_stm32f10x_hd.o(.text)
    DMA2_Channel2_IRQHandler                 0x08000207   Thumb Code     0  startup_stm32f10x_hd.o(.text)
    DMA2_Channel3_IRQHandler                 0x08000207   Thumb Code     0  startup_stm32f10x_hd.o(.text)
    DMA2_Channel4_5_IRQHandler               0x08000207   Thumb Code     0  startup_stm32f10x_hd.o(.text)
    EXTI0_IRQHandler                         0x08000207   Thumb Code     0  startup_stm32f10x_hd.o(.text)
    EXTI15_10_IRQHandler                     0x08000207   Thumb Code     0  startup_stm32f10x_hd.o(.text)
    EXTI1_IRQHandler                         0x08000207   Thumb Code     0  startup_stm32f10x_hd.o(.text)
    EXTI2_IRQHandler                         0x08000207   Thumb Code     0  startup_stm32f10x_hd.o(.text)
    EXTI3_IRQHandler                         0x08000207   Thumb Code     0  startup_stm32f10x_hd.o(.text)
    EXTI4_IRQHandler                         0x08000207   Thumb Code     0  startup_stm32f10x_hd.o(.text)
    EXTI9_5_IRQHandler                       0x08000207   Thumb Code     0  startup_stm32f10x_hd.o(.text)
    FLASH_IRQHandler                         0x08000207   Thumb Code     0  startup_stm32f10x_hd.o(.text)
    FSMC_IRQHandler                          0x08000207   Thumb Code     0  startup_stm32f10x_hd.o(.text)
    I2C1_ER_IRQHandler                       0x08000207   Thumb Code     0  startup_stm32f10x_hd.o(.text)
    I2C1_EV_IRQHandler                       0x08000207   Thumb Code     0  startup_stm32f10x_hd.o(.text)
    I2C2_ER_IRQHandler                       0x08000207   Thumb Code     0  startup_stm32f10x_hd.o(.text)
    I2C2_EV_IRQHandler                       0x08000207   Thumb Code     0  startup_stm32f10x_hd.o(.text)
    PVD_IRQHandler                           0x08000207   Thumb Code     0  startup_stm32f10x_hd.o(.text)
    RCC_IRQHandler                           0x08000207   Thumb Code     0  startup_stm32f10x_hd.o(.text)
    RTCAlarm_IRQHandler                      0x08000207   Thumb Code     0  startup_stm32f10x_hd.o(.text)
    RTC_IRQHandler                           0x08000207   Thumb Code     0  startup_stm32f10x_hd.o(.text)
    SDIO_IRQHandler                          0x08000207   Thumb Code     0  startup_stm32f10x_hd.o(.text)
    SPI1_IRQHandler                          0x08000207   Thumb Code     0  startup_stm32f10x_hd.o(.text)
    SPI2_IRQHandler                          0x08000207   Thumb Code     0  startup_stm32f10x_hd.o(.text)
    SPI3_IRQHandler                          0x08000207   Thumb Code     0  startup_stm32f10x_hd.o(.text)
    TAMPER_IRQHandler                        0x08000207   Thumb Code     0  startup_stm32f10x_hd.o(.text)
    TIM1_BRK_IRQHandler                      0x08000207   Thumb Code     0  startup_stm32f10x_hd.o(.text)
    TIM1_CC_IRQHandler                       0x08000207   Thumb Code     0  startup_stm32f10x_hd.o(.text)
    TIM1_TRG_COM_IRQHandler                  0x08000207   Thumb Code     0  startup_stm32f10x_hd.o(.text)
    TIM1_UP_IRQHandler                       0x08000207   Thumb Code     0  startup_stm32f10x_hd.o(.text)
    TIM2_IRQHandler                          0x08000207   Thumb Code     0  startup_stm32f10x_hd.o(.text)
    TIM3_IRQHandler                          0x08000207   Thumb Code     0  startup_stm32f10x_hd.o(.text)
    TIM4_IRQHandler                          0x08000207   Thumb Code     0  startup_stm32f10x_hd.o(.text)
    TIM5_IRQHandler                          0x08000207   Thumb Code     0  startup_stm32f10x_hd.o(.text)
    TIM6_IRQHandler                          0x08000207   Thumb Code     0  startup_stm32f10x_hd.o(.text)
    TIM7_IRQHandler                          0x08000207   Thumb Code     0  startup_stm32f10x_hd.o(.text)
    TIM8_BRK_IRQHandler                      0x08000207   Thumb Code     0  startup_stm32f10x_hd.o(.text)
    TIM8_CC_IRQHandler                       0x08000207   Thumb Code     0  startup_stm32f10x_hd.o(.text)
    TIM8_TRG_COM_IRQHandler                  0x08000207   Thumb Code     0  startup_stm32f10x_hd.o(.text)
    TIM8_UP_IRQHandler                       0x08000207   Thumb Code     0  startup_stm32f10x_hd.o(.text)
    UART4_IRQHandler                         0x08000207   Thumb Code     0  startup_stm32f10x_hd.o(.text)
    UART5_IRQHandler                         0x08000207   Thumb Code     0  startup_stm32f10x_hd.o(.text)
    USART2_IRQHandler                        0x08000207   Thumb Code     0  startup_stm32f10x_hd.o(.text)
    USART3_IRQHandler                        0x08000207   Thumb Code     0  startup_stm32f10x_hd.o(.text)
    USBWakeUp_IRQHandler                     0x08000207   Thumb Code     0  startup_stm32f10x_hd.o(.text)
    USB_HP_CAN1_TX_IRQHandler                0x08000207   Thumb Code     0  startup_stm32f10x_hd.o(.text)
    USB_LP_CAN1_RX0_IRQHandler               0x08000207   Thumb Code     0  startup_stm32f10x_hd.o(.text)
    WWDG_IRQHandler                          0x08000207   Thumb Code     0  startup_stm32f10x_hd.o(.text)
    __user_initial_stackheap                 0x08000209   Thumb Code     0  startup_stm32f10x_hd.o(.text)
    __use_no_semihosting                     0x0800022d   Thumb Code     2  use_no_semi_2.o(.text)
    __aeabi_ldivmod                          0x0800022f   Thumb Code     0  llsdiv.o(.text)
    _ll_sdiv                                 0x0800022f   Thumb Code    72  llsdiv.o(.text)
    __2printf                                0x08000279   Thumb Code    20  noretval__2printf.o(.text)
    _printf_int_dec                          0x08000291   Thumb Code   104  _printf_dec.o(.text)
    __printf                                 0x08000309   Thumb Code   308  __printf_flags_wp.o(.text)
    memcmp                                   0x08000441   Thumb Code    88  memcmp.o(.text)
    __aeabi_memset                           0x08000499   Thumb Code    16  aeabi_memset.o(.text)
    __use_two_region_memory                  0x080004a9   Thumb Code     2  heapauxi.o(.text)
    __rt_heap_escrow$2region                 0x080004ab   Thumb Code     2  heapauxi.o(.text)
    __rt_heap_expand$2region                 0x080004ad   Thumb Code     2  heapauxi.o(.text)
    __I$use$semihosting                      0x080004af   Thumb Code     0  use_no_semi.o(.text)
    __use_no_semihosting_swi                 0x080004af   Thumb Code     2  use_no_semi.o(.text)
    __aeabi_uldivmod                         0x080004b1   Thumb Code     0  lludivv7m.o(.text)
    _ll_udiv                                 0x080004b1   Thumb Code   238  lludivv7m.o(.text)
    __read_errno                             0x0800059f   Thumb Code    10  _rserrno.o(.text)
    __set_errno                              0x080005a9   Thumb Code    12  _rserrno.o(.text)
    _printf_int_common                       0x080005b5   Thumb Code   178  _printf_intcommon.o(.text)
    __lib_sel_fp_printf                      0x08000667   Thumb Code     2  _printf_fp_dec.o(.text)
    _printf_fp_dec_real                      0x08000819   Thumb Code   620  _printf_fp_dec.o(.text)
    _printf_char_file                        0x08000a85   Thumb Code    32  _printf_char_file.o(.text)
    __aeabi_memclr                           0x08000aa9   Thumb Code     0  rt_memclr.o(.text)
    __rt_memclr                              0x08000aa9   Thumb Code    68  rt_memclr.o(.text)
    _memset                                  0x08000aad   Thumb Code     0  rt_memclr.o(.text)
    __rt_locale                              0x08000aed   Thumb Code     8  rt_locale_intlibspace.o(.text)
    __aeabi_errno_addr                       0x08000af5   Thumb Code     8  rt_errno_addr_intlibspace.o(.text)
    __errno$intlibspace                      0x08000af5   Thumb Code     0  rt_errno_addr_intlibspace.o(.text)
    __rt_errno_addr$intlibspace              0x08000af5   Thumb Code     0  rt_errno_addr_intlibspace.o(.text)
    _ll_udiv10                               0x08000afd   Thumb Code   138  lludiv10.o(.text)
    _printf_char_common                      0x08000b93   Thumb Code    32  _printf_char_common.o(.text)
    _printf_fp_infnan                        0x08000bb9   Thumb Code   112  _printf_fp_infnan.o(.text)
    _btod_etento                             0x08000c39   Thumb Code   224  bigflt0.o(.text)
    ferror                                   0x08000d1d   Thumb Code     8  ferror.o(.text)
    __aeabi_memclr4                          0x08000d25   Thumb Code     0  rt_memclr_w.o(.text)
    __aeabi_memclr8                          0x08000d25   Thumb Code     0  rt_memclr_w.o(.text)
    __rt_memclr_w                            0x08000d25   Thumb Code    78  rt_memclr_w.o(.text)
    _memset_w                                0x08000d29   Thumb Code     0  rt_memclr_w.o(.text)
    __user_libspace                          0x08000d75   Thumb Code     8  libspace.o(.text)
    __user_perproc_libspace                  0x08000d75   Thumb Code     0  libspace.o(.text)
    __user_perthread_libspace                0x08000d75   Thumb Code     0  libspace.o(.text)
    __user_setup_stackheap                   0x08000d7d   Thumb Code    74  sys_stackheap_outer.o(.text)
    exit                                     0x08000dc7   Thumb Code    18  exit.o(.text)
    strcmp                                   0x08000dd9   Thumb Code   128  strcmpv7m.o(.text)
    _btod_d2e                                0x08000e59   Thumb Code    62  btod.o(CL$$btod_d2e)
    _d2e_denorm_low                          0x08000e97   Thumb Code    70  btod.o(CL$$btod_d2e_denorm_low)
    _d2e_norm_op1                            0x08000edd   Thumb Code    96  btod.o(CL$$btod_d2e_norm_op1)
    __btod_div_common                        0x08000f3d   Thumb Code   696  btod.o(CL$$btod_div_common)
    _e2e                                     0x08001275   Thumb Code   220  btod.o(CL$$btod_e2e)
    _btod_ediv                               0x08001351   Thumb Code    42  btod.o(CL$$btod_ediv)
    _btod_emul                               0x0800137b   Thumb Code    42  btod.o(CL$$btod_emul)
    __btod_mult_common                       0x080013a5   Thumb Code   580  btod.o(CL$$btod_mult_common)
    BusFault_Handler                         0x080015e9   Thumb Code     4  stm32f10x_it.o(i.BusFault_Handler)
    DebugMon_Handler                         0x080015ed   Thumb Code     2  stm32f10x_it.o(i.DebugMon_Handler)
    GPIO_Init                                0x080015ef   Thumb Code   278  stm32f10x_gpio.o(i.GPIO_Init)
    GPIO_PinRemapConfig                      0x08001705   Thumb Code   138  stm32f10x_gpio.o(i.GPIO_PinRemapConfig)
    GPIO_SetBits                             0x08001795   Thumb Code     4  stm32f10x_gpio.o(i.GPIO_SetBits)
    HardFault_Handler                        0x08001799   Thumb Code     4  stm32f10x_it.o(i.HardFault_Handler)
    LED_Init                                 0x0800179d   Thumb Code    50  led.o(i.LED_Init)
    MPU_IIC_Ack                              0x080017d5   Thumb Code    62  mpuiic.o(i.MPU_IIC_Ack)
    MPU_IIC_Delay                            0x08001821   Thumb Code    10  mpuiic.o(i.MPU_IIC_Delay)
    MPU_IIC_Init                             0x0800182d   Thumb Code    50  mpuiic.o(i.MPU_IIC_Init)
    MPU_IIC_NAck                             0x08001865   Thumb Code    62  mpuiic.o(i.MPU_IIC_NAck)
    MPU_IIC_Read_Byte                        0x080018b1   Thumb Code    94  mpuiic.o(i.MPU_IIC_Read_Byte)
    MPU_IIC_Send_Byte                        0x0800191d   Thumb Code    80  mpuiic.o(i.MPU_IIC_Send_Byte)
    MPU_IIC_Start                            0x08001979   Thumb Code    60  mpuiic.o(i.MPU_IIC_Start)
    MPU_IIC_Stop                             0x080019c1   Thumb Code    58  mpuiic.o(i.MPU_IIC_Stop)
    MPU_IIC_Wait_Ack                         0x08001a09   Thumb Code    86  mpuiic.o(i.MPU_IIC_Wait_Ack)
    MPU_Init                                 0x08001a6d   Thumb Code   180  mpu6050.o(i.MPU_Init)
    MPU_Read_Byte                            0x08001b2d   Thumb Code    58  mpu6050.o(i.MPU_Read_Byte)
    MPU_Read_Len                             0x08001b67   Thumb Code   116  mpu6050.o(i.MPU_Read_Len)
    MPU_Set_Accel_Fsr                        0x08001bdb   Thumb Code    16  mpu6050.o(i.MPU_Set_Accel_Fsr)
    MPU_Set_Gyro_Fsr                         0x08001beb   Thumb Code    16  mpu6050.o(i.MPU_Set_Gyro_Fsr)
    MPU_Set_LPF                              0x08001bfb   Thumb Code    58  mpu6050.o(i.MPU_Set_LPF)
    MPU_Set_Rate                             0x08001c35   Thumb Code    58  mpu6050.o(i.MPU_Set_Rate)
    MPU_Write_Byte                           0x08001c6f   Thumb Code    68  mpu6050.o(i.MPU_Write_Byte)
    MPU_Write_Len                            0x08001cb3   Thumb Code    96  mpu6050.o(i.MPU_Write_Len)
    MemManage_Handler                        0x08001d13   Thumb Code     4  stm32f10x_it.o(i.MemManage_Handler)
    NMI_Handler                              0x08001d17   Thumb Code     2  stm32f10x_it.o(i.NMI_Handler)
    NVIC_Init                                0x08001d19   Thumb Code   100  misc.o(i.NVIC_Init)
    NVIC_PriorityGroupConfig                 0x08001d89   Thumb Code    10  misc.o(i.NVIC_PriorityGroupConfig)
    PendSV_Handler                           0x08001d9d   Thumb Code     2  stm32f10x_it.o(i.PendSV_Handler)
    RCC_APB2PeriphClockCmd                   0x08001da1   Thumb Code    26  stm32f10x_rcc.o(i.RCC_APB2PeriphClockCmd)
    RCC_GetClocksFreq                        0x08001dc1   Thumb Code   192  stm32f10x_rcc.o(i.RCC_GetClocksFreq)
    SVC_Handler                              0x08001e95   Thumb Code     2  stm32f10x_it.o(i.SVC_Handler)
    SysTick_CLKSourceConfig                  0x08001f81   Thumb Code    40  misc.o(i.SysTick_CLKSourceConfig)
    SysTick_Handler                          0x08001fa9   Thumb Code     2  stm32f10x_it.o(i.SysTick_Handler)
    SystemInit                               0x08001fad   Thumb Code    78  system_stm32f10x.o(i.SystemInit)
    USART1_IRQHandler                        0x0800200d   Thumb Code   122  usart.o(i.USART1_IRQHandler)
    USART_Cmd                                0x08002095   Thumb Code    24  stm32f10x_usart.o(i.USART_Cmd)
    USART_GetITStatus                        0x080020ad   Thumb Code    84  stm32f10x_usart.o(i.USART_GetITStatus)
    USART_ITConfig                           0x08002101   Thumb Code    74  stm32f10x_usart.o(i.USART_ITConfig)
    USART_Init                               0x0800214d   Thumb Code   210  stm32f10x_usart.o(i.USART_Init)
    USART_ReceiveData                        0x08002225   Thumb Code    10  stm32f10x_usart.o(i.USART_ReceiveData)
    UsageFault_Handler                       0x0800222f   Thumb Code     4  stm32f10x_it.o(i.UsageFault_Handler)
    __ARM_fpclassify                         0x08002233   Thumb Code    40  fpclassify.o(i.__ARM_fpclassify)
    __kernel_poly                            0x0800225b   Thumb Code   170  poly.o(i.__kernel_poly)
    __mathlib_dbl_infnan                     0x08002305   Thumb Code     6  dunder.o(i.__mathlib_dbl_infnan)
    __mathlib_dbl_infnan2                    0x0800230b   Thumb Code     4  dunder.o(i.__mathlib_dbl_infnan2)
    __mathlib_dbl_invalid                    0x0800230f   Thumb Code    12  dunder.o(i.__mathlib_dbl_invalid)
    __mathlib_dbl_underflow                  0x0800231d   Thumb Code    10  dunder.o(i.__mathlib_dbl_underflow)
    _is_digit                                0x0800232d   Thumb Code    14  __printf_wp.o(i._is_digit)
    _sys_exit                                0x0800233b   Thumb Code     6  usart.o(i._sys_exit)
    asin                                     0x080023e9   Thumb Code   572  asin.o(i.asin)
    atan                                     0x08002659   Thumb Code   474  atan.o(i.atan)
    atan2                                    0x08002879   Thumb Code   346  atan2.o(i.atan2)
    delay_init                               0x08002a5d   Thumb Code    50  delay.o(i.delay_init)
    delay_ms                                 0x08002aa1   Thumb Code    72  delay.o(i.delay_ms)
    delay_us                                 0x08002aed   Thumb Code    72  delay.o(i.delay_us)
    dmp_enable_6x_lp_quat                    0x08002b39   Thumb Code    60  inv_mpu_dmp_motion_driver.o(i.dmp_enable_6x_lp_quat)
    dmp_enable_feature                       0x08002b75   Thumb Code   530  inv_mpu_dmp_motion_driver.o(i.dmp_enable_feature)
    dmp_enable_gyro_cal                      0x08002d91   Thumb Code    62  inv_mpu_dmp_motion_driver.o(i.dmp_enable_gyro_cal)
    dmp_enable_lp_quat                       0x08002de9   Thumb Code    60  inv_mpu_dmp_motion_driver.o(i.dmp_enable_lp_quat)
    dmp_load_motion_driver_firmware          0x08002e25   Thumb Code    20  inv_mpu_dmp_motion_driver.o(i.dmp_load_motion_driver_firmware)
    dmp_read_fifo                            0x08002e3d   Thumb Code   456  inv_mpu_dmp_motion_driver.o(i.dmp_read_fifo)
    dmp_set_accel_bias                       0x08003009   Thumb Code   300  inv_mpu_dmp_motion_driver.o(i.dmp_set_accel_bias)
    dmp_set_fifo_rate                        0x08003139   Thumb Code    96  inv_mpu_dmp_motion_driver.o(i.dmp_set_fifo_rate)
    dmp_set_gyro_bias                        0x080031a9   Thumb Code   294  inv_mpu_dmp_motion_driver.o(i.dmp_set_gyro_bias)
    dmp_set_orientation                      0x080032d9   Thumb Code   290  inv_mpu_dmp_motion_driver.o(i.dmp_set_orientation)
    dmp_set_shake_reject_thresh              0x08003411   Thumb Code    56  inv_mpu_dmp_motion_driver.o(i.dmp_set_shake_reject_thresh)
    dmp_set_shake_reject_time                0x08003449   Thumb Code    38  inv_mpu_dmp_motion_driver.o(i.dmp_set_shake_reject_time)
    dmp_set_shake_reject_timeout             0x0800346f   Thumb Code    38  inv_mpu_dmp_motion_driver.o(i.dmp_set_shake_reject_timeout)
    dmp_set_tap_axes                         0x08003495   Thumb Code    70  inv_mpu_dmp_motion_driver.o(i.dmp_set_tap_axes)
    dmp_set_tap_count                        0x080034db   Thumb Code    38  inv_mpu_dmp_motion_driver.o(i.dmp_set_tap_count)
    dmp_set_tap_thresh                       0x08003501   Thumb Code   396  inv_mpu_dmp_motion_driver.o(i.dmp_set_tap_thresh)
    dmp_set_tap_time                         0x080036a1   Thumb Code    38  inv_mpu_dmp_motion_driver.o(i.dmp_set_tap_time)
    dmp_set_tap_time_multi                   0x080036c7   Thumb Code    38  inv_mpu_dmp_motion_driver.o(i.dmp_set_tap_time_multi)
    fputc                                    0x080036ed   Thumb Code    24  usart.o(i.fputc)
    inv_orientation_matrix_to_scalar         0x08003d3d   Thumb Code    40  inv_mpu.o(i.inv_orientation_matrix_to_scalar)
    inv_row_2_scale                          0x08003d65   Thumb Code    78  inv_mpu.o(i.inv_row_2_scale)
    main                                     0x08003db5   Thumb Code   126  main.o(i.main)
    mget_ms                                  0x08003e49   Thumb Code     2  inv_mpu.o(i.mget_ms)
    mpu_configure_fifo                       0x08003e4d   Thumb Code   106  inv_mpu.o(i.mpu_configure_fifo)
    mpu_dmp_get_data                         0x08003ebd   Thumb Code   544  inv_mpu.o(i.mpu_dmp_get_data)
    mpu_dmp_init                             0x080040e1   Thumb Code   154  inv_mpu.o(i.mpu_dmp_init)
    mpu_get_accel_fsr                        0x08004181   Thumb Code    72  inv_mpu.o(i.mpu_get_accel_fsr)
    mpu_get_accel_sens                       0x080041cd   Thumb Code    78  inv_mpu.o(i.mpu_get_accel_sens)
    mpu_get_fifo_config                      0x08004221   Thumb Code    12  inv_mpu.o(i.mpu_get_fifo_config)
    mpu_get_gyro_fsr                         0x08004231   Thumb Code    64  inv_mpu.o(i.mpu_get_gyro_fsr)
    mpu_get_gyro_sens                        0x08004275   Thumb Code    58  inv_mpu.o(i.mpu_get_gyro_sens)
    mpu_get_lpf                              0x080042c5   Thumb Code    74  inv_mpu.o(i.mpu_get_lpf)
    mpu_get_sample_rate                      0x08004315   Thumb Code    26  inv_mpu.o(i.mpu_get_sample_rate)
    mpu_init                                 0x08004335   Thumb Code   416  inv_mpu.o(i.mpu_init)
    mpu_load_firmware                        0x08004525   Thumb Code   180  inv_mpu.o(i.mpu_load_firmware)
    mpu_lp_accel_mode                        0x080045dd   Thumb Code   218  inv_mpu.o(i.mpu_lp_accel_mode)
    mpu_read_fifo_stream                     0x080046bd   Thumb Code   186  inv_mpu.o(i.mpu_read_fifo_stream)
    mpu_read_mem                             0x0800477d   Thumb Code   122  inv_mpu.o(i.mpu_read_mem)
    mpu_reset_fifo                           0x080047fd   Thumb Code   450  inv_mpu.o(i.mpu_reset_fifo)
    mpu_run_self_test                        0x080049c5   Thumb Code   278  inv_mpu.o(i.mpu_run_self_test)
    mpu_set_accel_fsr                        0x08004ae1   Thumb Code   126  inv_mpu.o(i.mpu_set_accel_fsr)
    mpu_set_bypass                           0x08004b65   Thumb Code   328  inv_mpu.o(i.mpu_set_bypass)
    mpu_set_dmp_state                        0x08004cb1   Thumb Code   138  inv_mpu.o(i.mpu_set_dmp_state)
    mpu_set_gyro_fsr                         0x08004d41   Thumb Code   132  inv_mpu.o(i.mpu_set_gyro_fsr)
    mpu_set_int_latched                      0x08004dc9   Thumb Code   102  inv_mpu.o(i.mpu_set_int_latched)
    mpu_set_lpf                              0x08004e35   Thumb Code   126  inv_mpu.o(i.mpu_set_lpf)
    mpu_set_sample_rate                      0x08004eb9   Thumb Code   152  inv_mpu.o(i.mpu_set_sample_rate)
    mpu_set_sensors                          0x08004f55   Thumb Code   202  inv_mpu.o(i.mpu_set_sensors)
    mpu_write_mem                            0x08005025   Thumb Code   122  inv_mpu.o(i.mpu_write_mem)
    run_self_test                            0x080050a5   Thumb Code   148  inv_mpu.o(i.run_self_test)
    sqrt                                     0x080051c9   Thumb Code    76  sqrt.o(i.sqrt)
    uart_init                                0x08005215   Thumb Code   152  usart.o(i.uart_init)
    _get_lc_numeric                          0x080052b5   Thumb Code    44  lc_numeric_c.o(locale$$code)
    __aeabi_d2f                              0x080052e1   Thumb Code     0  d2f.o(x$fpl$d2f)
    _d2f                                     0x080052e1   Thumb Code    98  d2f.o(x$fpl$d2f)
    __aeabi_dadd                             0x08005345   Thumb Code     0  daddsub_clz.o(x$fpl$dadd)
    _dadd                                    0x08005345   Thumb Code   332  daddsub_clz.o(x$fpl$dadd)
    __fpl_dcheck_NaN1                        0x08005495   Thumb Code    10  dcheck1.o(x$fpl$dcheck1)
    __aeabi_ddiv                             0x080054a5   Thumb Code     0  ddiv.o(x$fpl$ddiv)
    _ddiv                                    0x080054a5   Thumb Code   552  ddiv.o(x$fpl$ddiv)
    __aeabi_dmul                             0x08005755   Thumb Code     0  dmul.o(x$fpl$dmul)
    _dmul                                    0x08005755   Thumb Code   332  dmul.o(x$fpl$dmul)
    __fpl_dnaninf                            0x080058a9   Thumb Code   156  dnaninf.o(x$fpl$dnaninf)
    __fpl_dretinf                            0x08005945   Thumb Code    12  dretinf.o(x$fpl$dretinf)
    __aeabi_drsub                            0x08005951   Thumb Code     0  daddsub_clz.o(x$fpl$drsb)
    _drsb                                    0x08005951   Thumb Code    22  daddsub_clz.o(x$fpl$drsb)
    _dsqrt                                   0x08005969   Thumb Code   456  dsqrt_noumaal.o(x$fpl$dsqrt)
    __aeabi_dsub                             0x08005b35   Thumb Code     0  daddsub_clz.o(x$fpl$dsub)
    _dsub                                    0x08005b35   Thumb Code   464  daddsub_clz.o(x$fpl$dsub)
    __aeabi_f2d                              0x08005d09   Thumb Code     0  f2d.o(x$fpl$f2d)
    _f2d                                     0x08005d09   Thumb Code    86  f2d.o(x$fpl$f2d)
    __aeabi_fadd                             0x08005d61   Thumb Code     0  faddsub_clz.o(x$fpl$fadd)
    _fadd                                    0x08005d61   Thumb Code   196  faddsub_clz.o(x$fpl$fadd)
    __fpl_fcmp_Inf                           0x08005e25   Thumb Code    24  fcmpi.o(x$fpl$fcmpinf)
    __aeabi_fdiv                             0x08005e3d   Thumb Code     0  fdiv.o(x$fpl$fdiv)
    _fdiv                                    0x08005e3d   Thumb Code   384  fdiv.o(x$fpl$fdiv)
    __aeabi_cfcmpeq                          0x08005fc1   Thumb Code     0  feqf.o(x$fpl$feqf)
    _fcmpeq                                  0x08005fc1   Thumb Code   104  feqf.o(x$fpl$feqf)
    __aeabi_f2iz                             0x08006029   Thumb Code     0  ffix.o(x$fpl$ffix)
    _ffix                                    0x08006029   Thumb Code    54  ffix.o(x$fpl$ffix)
    __aeabi_f2uiz                            0x08006061   Thumb Code     0  ffixu.o(x$fpl$ffixu)
    _ffixu                                   0x08006061   Thumb Code    62  ffixu.o(x$fpl$ffixu)
    __aeabi_i2f                              0x080060a1   Thumb Code     0  fflt_clz.o(x$fpl$fflt)
    _fflt                                    0x080060a1   Thumb Code    48  fflt_clz.o(x$fpl$fflt)
    __aeabi_ui2f                             0x080060d1   Thumb Code     0  fflt_clz.o(x$fpl$ffltu)
    _ffltu                                   0x080060d1   Thumb Code    38  fflt_clz.o(x$fpl$ffltu)
    __aeabi_cfcmple                          0x080060f9   Thumb Code     0  fleqf.o(x$fpl$fleqf)
    _fcmple                                  0x080060f9   Thumb Code   104  fleqf.o(x$fpl$fleqf)
    __fpl_fcmple_InfNaN                      0x0800614b   Thumb Code     0  fleqf.o(x$fpl$fleqf)
    __aeabi_fmul                             0x08006161   Thumb Code     0  fmul.o(x$fpl$fmul)
    _fmul                                    0x08006161   Thumb Code   258  fmul.o(x$fpl$fmul)
    __fpl_fnaninf                            0x08006263   Thumb Code   140  fnaninf.o(x$fpl$fnaninf)
    __fpl_fretinf                            0x080062ef   Thumb Code    10  fretinf.o(x$fpl$fretinf)
    __aeabi_cfrcmple                         0x080062f9   Thumb Code     0  frleqf.o(x$fpl$frleqf)
    _frcmple                                 0x080062f9   Thumb Code    98  frleqf.o(x$fpl$frleqf)
    __aeabi_fsub                             0x0800635d   Thumb Code     0  faddsub_clz.o(x$fpl$fsub)
    _fsub                                    0x0800635d   Thumb Code   234  faddsub_clz.o(x$fpl$fsub)
    _printf_fp_dec                           0x08006447   Thumb Code     4  printf1.o(x$fpl$printf1)
    __fpl_return_NaN                         0x0800644b   Thumb Code   100  retnan.o(x$fpl$retnan)
    __ARM_scalbn                             0x080064af   Thumb Code    92  scalbn.o(x$fpl$scalbn)
    __fpl_cmpreturn                          0x0800650b   Thumb Code    48  trapv.o(x$fpl$trapveneer)
    __I$use$fp                               0x0800653a   Number         0  usenofp.o(x$fpl$usenofp)
    reg                                      0x0800653c   Data          27  inv_mpu.o(.constdata)
    hw                                       0x08006558   Data          12  inv_mpu.o(.constdata)
    test                                     0x08006564   Data          40  inv_mpu.o(.constdata)
    __mathlib_zero                           0x08007280   Data           8  qnan.o(.constdata)
    Region$$Table$$Base                      0x0800736c   Number         0  anon$$obj.o(Region$$Table)
    Region$$Table$$Limit                     0x0800738c   Number         0  anon$$obj.o(Region$$Table)
    SystemCoreClock                          0x20000000   Data           4  system_stm32f10x.o(.data)
    AHBPrescTable                            0x20000004   Data          16  system_stm32f10x.o(.data)
    __stdout                                 0x20000050   Data           4  usart.o(.data)
    USART_RX_STA                             0x20000054   Data           2  usart.o(.data)
    USART_RX_BUF                             0x2000007c   Data         200  usart.o(.bss)
    __libspace_start                         0x20000144   Data          96  libspace.o(.bss)
    __temporary_stack_top$libspace           0x200001a4   Data           0  libspace.o(.bss)



==============================================================================

Memory Map of the image

  Image Entry point : 0x08000131

  Load Region LR_IROM1 (Base: 0x08000000, Size: 0x00007414, Max: 0x00010000, ABSOLUTE)

    Execution Region ER_IROM1 (Exec base: 0x08000000, Load base: 0x08000000, Size: 0x000073a8, Max: 0x00010000, ABSOLUTE)

    Exec Addr    Load Addr    Size         Type   Attr      Idx    E Section Name        Object

    0x08000000   0x08000000   0x00000130   Data   RO         1136    RESET               startup_stm32f10x_hd.o
    0x08000130   0x08000130   0x00000008   Code   RO         2406  * !!!main             c_w.l(__main.o)
    0x08000138   0x08000138   0x00000034   Code   RO         2776    !!!scatter          c_w.l(__scatter.o)
    0x0800016c   0x0800016c   0x0000001a   Code   RO         2778    !!handler_copy      c_w.l(__scatter_copy.o)
    0x08000186   0x08000186   0x00000002   PAD
    0x08000188   0x08000188   0x0000001c   Code   RO         2780    !!handler_zi        c_w.l(__scatter_zi.o)
    0x080001a4   0x080001a4   0x00000000   Code   RO         2399    .ARM.Collect$$_printf_percent$$00000000  c_w.l(_printf_percent.o)
    0x080001a4   0x080001a4   0x00000006   Code   RO         2398    .ARM.Collect$$_printf_percent$$00000003  c_w.l(_printf_f.o)
    0x080001aa   0x080001aa   0x00000006   Code   RO         2397    .ARM.Collect$$_printf_percent$$00000009  c_w.l(_printf_d.o)
    0x080001b0   0x080001b0   0x00000004   Code   RO         2495    .ARM.Collect$$_printf_percent$$00000017  c_w.l(_printf_percent_end.o)
    0x080001b4   0x080001b4   0x00000002   Code   RO         2643    .ARM.Collect$$libinit$$00000000  c_w.l(libinit.o)
    0x080001b6   0x080001b6   0x00000000   Code   RO         2645    .ARM.Collect$$libinit$$00000002  c_w.l(libinit2.o)
    0x080001b6   0x080001b6   0x00000000   Code   RO         2647    .ARM.Collect$$libinit$$00000004  c_w.l(libinit2.o)
    0x080001b6   0x080001b6   0x00000000   Code   RO         2650    .ARM.Collect$$libinit$$0000000A  c_w.l(libinit2.o)
    0x080001b6   0x080001b6   0x00000000   Code   RO         2652    .ARM.Collect$$libinit$$0000000C  c_w.l(libinit2.o)
    0x080001b6   0x080001b6   0x00000000   Code   RO         2654    .ARM.Collect$$libinit$$0000000E  c_w.l(libinit2.o)
    0x080001b6   0x080001b6   0x00000006   Code   RO         2655    .ARM.Collect$$libinit$$0000000F  c_w.l(libinit2.o)
    0x080001bc   0x080001bc   0x00000000   Code   RO         2657    .ARM.Collect$$libinit$$00000011  c_w.l(libinit2.o)
    0x080001bc   0x080001bc   0x00000000   Code   RO         2659    .ARM.Collect$$libinit$$00000013  c_w.l(libinit2.o)
    0x080001bc   0x080001bc   0x00000000   Code   RO         2661    .ARM.Collect$$libinit$$00000015  c_w.l(libinit2.o)
    0x080001bc   0x080001bc   0x0000000a   Code   RO         2662    .ARM.Collect$$libinit$$00000016  c_w.l(libinit2.o)
    0x080001c6   0x080001c6   0x00000000   Code   RO         2663    .ARM.Collect$$libinit$$00000017  c_w.l(libinit2.o)
    0x080001c6   0x080001c6   0x00000000   Code   RO         2665    .ARM.Collect$$libinit$$00000019  c_w.l(libinit2.o)
    0x080001c6   0x080001c6   0x00000000   Code   RO         2667    .ARM.Collect$$libinit$$0000001B  c_w.l(libinit2.o)
    0x080001c6   0x080001c6   0x00000000   Code   RO         2669    .ARM.Collect$$libinit$$0000001D  c_w.l(libinit2.o)
    0x080001c6   0x080001c6   0x00000000   Code   RO         2671    .ARM.Collect$$libinit$$0000001F  c_w.l(libinit2.o)
    0x080001c6   0x080001c6   0x00000000   Code   RO         2673    .ARM.Collect$$libinit$$00000021  c_w.l(libinit2.o)
    0x080001c6   0x080001c6   0x00000000   Code   RO         2675    .ARM.Collect$$libinit$$00000023  c_w.l(libinit2.o)
    0x080001c6   0x080001c6   0x00000000   Code   RO         2677    .ARM.Collect$$libinit$$00000025  c_w.l(libinit2.o)
    0x080001c6   0x080001c6   0x00000000   Code   RO         2681    .ARM.Collect$$libinit$$0000002C  c_w.l(libinit2.o)
    0x080001c6   0x080001c6   0x00000000   Code   RO         2683    .ARM.Collect$$libinit$$0000002E  c_w.l(libinit2.o)
    0x080001c6   0x080001c6   0x00000000   Code   RO         2685    .ARM.Collect$$libinit$$00000030  c_w.l(libinit2.o)
    0x080001c6   0x080001c6   0x00000000   Code   RO         2687    .ARM.Collect$$libinit$$00000032  c_w.l(libinit2.o)
    0x080001c6   0x080001c6   0x00000002   Code   RO         2688    .ARM.Collect$$libinit$$00000033  c_w.l(libinit2.o)
    0x080001c8   0x080001c8   0x00000002   Code   RO         2736    .ARM.Collect$$libshutdown$$00000000  c_w.l(libshutdown.o)
    0x080001ca   0x080001ca   0x00000000   Code   RO         2745    .ARM.Collect$$libshutdown$$00000002  c_w.l(libshutdown2.o)
    0x080001ca   0x080001ca   0x00000000   Code   RO         2747    .ARM.Collect$$libshutdown$$00000004  c_w.l(libshutdown2.o)
    0x080001ca   0x080001ca   0x00000000   Code   RO         2750    .ARM.Collect$$libshutdown$$00000007  c_w.l(libshutdown2.o)
    0x080001ca   0x080001ca   0x00000000   Code   RO         2753    .ARM.Collect$$libshutdown$$0000000A  c_w.l(libshutdown2.o)
    0x080001ca   0x080001ca   0x00000000   Code   RO         2755    .ARM.Collect$$libshutdown$$0000000C  c_w.l(libshutdown2.o)
    0x080001ca   0x080001ca   0x00000000   Code   RO         2758    .ARM.Collect$$libshutdown$$0000000F  c_w.l(libshutdown2.o)
    0x080001ca   0x080001ca   0x00000002   Code   RO         2759    .ARM.Collect$$libshutdown$$00000010  c_w.l(libshutdown2.o)
    0x080001cc   0x080001cc   0x00000000   Code   RO         2484    .ARM.Collect$$rtentry$$00000000  c_w.l(__rtentry.o)
    0x080001cc   0x080001cc   0x00000000   Code   RO         2549    .ARM.Collect$$rtentry$$00000002  c_w.l(__rtentry2.o)
    0x080001cc   0x080001cc   0x00000006   Code   RO         2561    .ARM.Collect$$rtentry$$00000004  c_w.l(__rtentry4.o)
    0x080001d2   0x080001d2   0x00000000   Code   RO         2551    .ARM.Collect$$rtentry$$00000009  c_w.l(__rtentry2.o)
    0x080001d2   0x080001d2   0x00000004   Code   RO         2552    .ARM.Collect$$rtentry$$0000000A  c_w.l(__rtentry2.o)
    0x080001d6   0x080001d6   0x00000000   Code   RO         2554    .ARM.Collect$$rtentry$$0000000C  c_w.l(__rtentry2.o)
    0x080001d6   0x080001d6   0x00000008   Code   RO         2555    .ARM.Collect$$rtentry$$0000000D  c_w.l(__rtentry2.o)
    0x080001de   0x080001de   0x00000002   Code   RO         2693    .ARM.Collect$$rtexit$$00000000  c_w.l(rtexit.o)
    0x080001e0   0x080001e0   0x00000000   Code   RO         2706    .ARM.Collect$$rtexit$$00000002  c_w.l(rtexit2.o)
    0x080001e0   0x080001e0   0x00000004   Code   RO         2707    .ARM.Collect$$rtexit$$00000003  c_w.l(rtexit2.o)
    0x080001e4   0x080001e4   0x00000006   Code   RO         2708    .ARM.Collect$$rtexit$$00000004  c_w.l(rtexit2.o)
    0x080001ea   0x080001ea   0x00000002   PAD
    0x080001ec   0x080001ec   0x00000040   Code   RO         1137    .text               startup_stm32f10x_hd.o
    0x0800022c   0x0800022c   0x00000002   Code   RO         2341    .text               c_w.l(use_no_semi_2.o)
    0x0800022e   0x0800022e   0x00000048   Code   RO         2343    .text               c_w.l(llsdiv.o)
    0x08000276   0x08000276   0x00000002   PAD
    0x08000278   0x08000278   0x00000018   Code   RO         2347    .text               c_w.l(noretval__2printf.o)
    0x08000290   0x08000290   0x00000078   Code   RO         2353    .text               c_w.l(_printf_dec.o)
    0x08000308   0x08000308   0x00000138   Code   RO         2388    .text               c_w.l(__printf_flags_wp.o)
    0x08000440   0x08000440   0x00000058   Code   RO         2400    .text               c_w.l(memcmp.o)
    0x08000498   0x08000498   0x00000010   Code   RO         2402    .text               c_w.l(aeabi_memset.o)
    0x080004a8   0x080004a8   0x00000006   Code   RO         2404    .text               c_w.l(heapauxi.o)
    0x080004ae   0x080004ae   0x00000002   Code   RO         2482    .text               c_w.l(use_no_semi.o)
    0x080004b0   0x080004b0   0x000000ee   Code   RO         2485    .text               c_w.l(lludivv7m.o)
    0x0800059e   0x0800059e   0x00000016   Code   RO         2487    .text               c_w.l(_rserrno.o)
    0x080005b4   0x080005b4   0x000000b2   Code   RO         2489    .text               c_w.l(_printf_intcommon.o)
    0x08000666   0x08000666   0x0000041e   Code   RO         2491    .text               c_w.l(_printf_fp_dec.o)
    0x08000a84   0x08000a84   0x00000024   Code   RO         2493    .text               c_w.l(_printf_char_file.o)
    0x08000aa8   0x08000aa8   0x00000044   Code   RO         2496    .text               c_w.l(rt_memclr.o)
    0x08000aec   0x08000aec   0x00000008   Code   RO         2570    .text               c_w.l(rt_locale_intlibspace.o)
    0x08000af4   0x08000af4   0x00000008   Code   RO         2575    .text               c_w.l(rt_errno_addr_intlibspace.o)
    0x08000afc   0x08000afc   0x0000008a   Code   RO         2577    .text               c_w.l(lludiv10.o)
    0x08000b86   0x08000b86   0x00000002   PAD
    0x08000b88   0x08000b88   0x00000030   Code   RO         2579    .text               c_w.l(_printf_char_common.o)
    0x08000bb8   0x08000bb8   0x00000080   Code   RO         2581    .text               c_w.l(_printf_fp_infnan.o)
    0x08000c38   0x08000c38   0x000000e4   Code   RO         2583    .text               c_w.l(bigflt0.o)
    0x08000d1c   0x08000d1c   0x00000008   Code   RO         2608    .text               c_w.l(ferror.o)
    0x08000d24   0x08000d24   0x0000004e   Code   RO         2615    .text               c_w.l(rt_memclr_w.o)
    0x08000d72   0x08000d72   0x00000002   PAD
    0x08000d74   0x08000d74   0x00000008   Code   RO         2625    .text               c_w.l(libspace.o)
    0x08000d7c   0x08000d7c   0x0000004a   Code   RO         2628    .text               c_w.l(sys_stackheap_outer.o)
    0x08000dc6   0x08000dc6   0x00000012   Code   RO         2634    .text               c_w.l(exit.o)
    0x08000dd8   0x08000dd8   0x00000080   Code   RO         2636    .text               c_w.l(strcmpv7m.o)
    0x08000e58   0x08000e58   0x0000003e   Code   RO         2586    CL$$btod_d2e        c_w.l(btod.o)
    0x08000e96   0x08000e96   0x00000046   Code   RO         2588    CL$$btod_d2e_denorm_low  c_w.l(btod.o)
    0x08000edc   0x08000edc   0x00000060   Code   RO         2587    CL$$btod_d2e_norm_op1  c_w.l(btod.o)
    0x08000f3c   0x08000f3c   0x00000338   Code   RO         2596    CL$$btod_div_common  c_w.l(btod.o)
    0x08001274   0x08001274   0x000000dc   Code   RO         2593    CL$$btod_e2e        c_w.l(btod.o)
    0x08001350   0x08001350   0x0000002a   Code   RO         2590    CL$$btod_ediv       c_w.l(btod.o)
    0x0800137a   0x0800137a   0x0000002a   Code   RO         2589    CL$$btod_emul       c_w.l(btod.o)
    0x080013a4   0x080013a4   0x00000244   Code   RO         2595    CL$$btod_mult_common  c_w.l(btod.o)
    0x080015e8   0x080015e8   0x00000004   Code   RO          130    i.BusFault_Handler  stm32f10x_it.o
    0x080015ec   0x080015ec   0x00000002   Code   RO          131    i.DebugMon_Handler  stm32f10x_it.o
    0x080015ee   0x080015ee   0x00000116   Code   RO         1303    i.GPIO_Init         stm32f10x_gpio.o
    0x08001704   0x08001704   0x00000090   Code   RO         1305    i.GPIO_PinRemapConfig  stm32f10x_gpio.o
    0x08001794   0x08001794   0x00000004   Code   RO         1311    i.GPIO_SetBits      stm32f10x_gpio.o
    0x08001798   0x08001798   0x00000004   Code   RO          132    i.HardFault_Handler  stm32f10x_it.o
    0x0800179c   0x0800179c   0x00000038   Code   RO          310    i.LED_Init          led.o
    0x080017d4   0x080017d4   0x0000004c   Code   RO          354    i.MPU_IIC_Ack       mpuiic.o
    0x08001820   0x08001820   0x0000000a   Code   RO          355    i.MPU_IIC_Delay     mpuiic.o
    0x0800182a   0x0800182a   0x00000002   PAD
    0x0800182c   0x0800182c   0x00000038   Code   RO          356    i.MPU_IIC_Init      mpuiic.o
    0x08001864   0x08001864   0x0000004c   Code   RO          357    i.MPU_IIC_NAck      mpuiic.o
    0x080018b0   0x080018b0   0x0000006c   Code   RO          358    i.MPU_IIC_Read_Byte  mpuiic.o
    0x0800191c   0x0800191c   0x0000005c   Code   RO          359    i.MPU_IIC_Send_Byte  mpuiic.o
    0x08001978   0x08001978   0x00000048   Code   RO          360    i.MPU_IIC_Start     mpuiic.o
    0x080019c0   0x080019c0   0x00000048   Code   RO          361    i.MPU_IIC_Stop      mpuiic.o
    0x08001a08   0x08001a08   0x00000064   Code   RO          362    i.MPU_IIC_Wait_Ack  mpuiic.o
    0x08001a6c   0x08001a6c   0x000000c0   Code   RO          423    i.MPU_Init          mpu6050.o
    0x08001b2c   0x08001b2c   0x0000003a   Code   RO          424    i.MPU_Read_Byte     mpu6050.o
    0x08001b66   0x08001b66   0x00000074   Code   RO          425    i.MPU_Read_Len      mpu6050.o
    0x08001bda   0x08001bda   0x00000010   Code   RO          426    i.MPU_Set_Accel_Fsr  mpu6050.o
    0x08001bea   0x08001bea   0x00000010   Code   RO          427    i.MPU_Set_Gyro_Fsr  mpu6050.o
    0x08001bfa   0x08001bfa   0x0000003a   Code   RO          428    i.MPU_Set_LPF       mpu6050.o
    0x08001c34   0x08001c34   0x0000003a   Code   RO          429    i.MPU_Set_Rate      mpu6050.o
    0x08001c6e   0x08001c6e   0x00000044   Code   RO          430    i.MPU_Write_Byte    mpu6050.o
    0x08001cb2   0x08001cb2   0x00000060   Code   RO          431    i.MPU_Write_Len     mpu6050.o
    0x08001d12   0x08001d12   0x00000004   Code   RO          133    i.MemManage_Handler  stm32f10x_it.o
    0x08001d16   0x08001d16   0x00000002   Code   RO          134    i.NMI_Handler       stm32f10x_it.o
    0x08001d18   0x08001d18   0x00000070   Code   RO         1141    i.NVIC_Init         misc.o
    0x08001d88   0x08001d88   0x00000014   Code   RO         1142    i.NVIC_PriorityGroupConfig  misc.o
    0x08001d9c   0x08001d9c   0x00000002   Code   RO          135    i.PendSV_Handler    stm32f10x_it.o
    0x08001d9e   0x08001d9e   0x00000002   PAD
    0x08001da0   0x08001da0   0x00000020   Code   RO         1415    i.RCC_APB2PeriphClockCmd  stm32f10x_rcc.o
    0x08001dc0   0x08001dc0   0x000000d4   Code   RO         1423    i.RCC_GetClocksFreq  stm32f10x_rcc.o
    0x08001e94   0x08001e94   0x00000002   Code   RO          136    i.SVC_Handler       stm32f10x_it.o
    0x08001e96   0x08001e96   0x00000008   Code   RO          276    i.SetSysClock       system_stm32f10x.o
    0x08001e9e   0x08001e9e   0x00000002   PAD
    0x08001ea0   0x08001ea0   0x000000e0   Code   RO          277    i.SetSysClockTo72   system_stm32f10x.o
    0x08001f80   0x08001f80   0x00000028   Code   RO         1145    i.SysTick_CLKSourceConfig  misc.o
    0x08001fa8   0x08001fa8   0x00000002   Code   RO          137    i.SysTick_Handler   stm32f10x_it.o
    0x08001faa   0x08001faa   0x00000002   PAD
    0x08001fac   0x08001fac   0x00000060   Code   RO          279    i.SystemInit        system_stm32f10x.o
    0x0800200c   0x0800200c   0x00000088   Code   RO         1083    i.USART1_IRQHandler  usart.o
    0x08002094   0x08002094   0x00000018   Code   RO         1615    i.USART_Cmd         stm32f10x_usart.o
    0x080020ac   0x080020ac   0x00000054   Code   RO         1619    i.USART_GetITStatus  stm32f10x_usart.o
    0x08002100   0x08002100   0x0000004a   Code   RO         1621    i.USART_ITConfig    stm32f10x_usart.o
    0x0800214a   0x0800214a   0x00000002   PAD
    0x0800214c   0x0800214c   0x000000d8   Code   RO         1622    i.USART_Init        stm32f10x_usart.o
    0x08002224   0x08002224   0x0000000a   Code   RO         1629    i.USART_ReceiveData  stm32f10x_usart.o
    0x0800222e   0x0800222e   0x00000004   Code   RO          138    i.UsageFault_Handler  stm32f10x_it.o
    0x08002232   0x08002232   0x00000028   Code   RO         2535    i.__ARM_fpclassify  m_ws.l(fpclassify.o)
    0x0800225a   0x0800225a   0x000000aa   Code   RO         2537    i.__kernel_poly     m_ws.l(poly.o)
    0x08002304   0x08002304   0x00000006   Code   RO         2522    i.__mathlib_dbl_infnan  m_ws.l(dunder.o)
    0x0800230a   0x0800230a   0x00000004   Code   RO         2523    i.__mathlib_dbl_infnan2  m_ws.l(dunder.o)
    0x0800230e   0x0800230e   0x0000000c   Code   RO         2524    i.__mathlib_dbl_invalid  m_ws.l(dunder.o)
    0x0800231a   0x0800231a   0x00000002   PAD
    0x0800231c   0x0800231c   0x00000010   Code   RO         2527    i.__mathlib_dbl_underflow  m_ws.l(dunder.o)
    0x0800232c   0x0800232c   0x0000000e   Code   RO         2386    i._is_digit         c_w.l(__printf_wp.o)
    0x0800233a   0x0800233a   0x00000006   Code   RO         1084    i._sys_exit         usart.o
    0x08002340   0x08002340   0x000000a8   Code   RO          505    i.accel_self_test   inv_mpu.o
    0x080023e8   0x080023e8   0x00000270   Code   RO         2465    i.asin              m_ws.l(asin.o)
    0x08002658   0x08002658   0x00000220   Code   RO         2512    i.atan              m_ws.l(atan.o)
    0x08002878   0x08002878   0x00000180   Code   RO         2475    i.atan2             m_ws.l(atan2.o)
    0x080029f8   0x080029f8   0x00000064   Code   RO          842    i.decode_gesture    inv_mpu_dmp_motion_driver.o
    0x08002a5c   0x08002a5c   0x00000044   Code   RO         1028    i.delay_init        delay.o
    0x08002aa0   0x08002aa0   0x0000004c   Code   RO         1029    i.delay_ms          delay.o
    0x08002aec   0x08002aec   0x0000004c   Code   RO         1030    i.delay_us          delay.o
    0x08002b38   0x08002b38   0x0000003c   Code   RO          843    i.dmp_enable_6x_lp_quat  inv_mpu_dmp_motion_driver.o
    0x08002b74   0x08002b74   0x0000021c   Code   RO          844    i.dmp_enable_feature  inv_mpu_dmp_motion_driver.o
    0x08002d90   0x08002d90   0x00000058   Code   RO          845    i.dmp_enable_gyro_cal  inv_mpu_dmp_motion_driver.o
    0x08002de8   0x08002de8   0x0000003c   Code   RO          846    i.dmp_enable_lp_quat  inv_mpu_dmp_motion_driver.o
    0x08002e24   0x08002e24   0x00000018   Code   RO          851    i.dmp_load_motion_driver_firmware  inv_mpu_dmp_motion_driver.o
    0x08002e3c   0x08002e3c   0x000001cc   Code   RO          852    i.dmp_read_fifo     inv_mpu_dmp_motion_driver.o
    0x08003008   0x08003008   0x00000130   Code   RO          855    i.dmp_set_accel_bias  inv_mpu_dmp_motion_driver.o
    0x08003138   0x08003138   0x00000070   Code   RO          856    i.dmp_set_fifo_rate  inv_mpu_dmp_motion_driver.o
    0x080031a8   0x080031a8   0x00000130   Code   RO          857    i.dmp_set_gyro_bias  inv_mpu_dmp_motion_driver.o
    0x080032d8   0x080032d8   0x00000138   Code   RO          859    i.dmp_set_orientation  inv_mpu_dmp_motion_driver.o
    0x08003410   0x08003410   0x00000038   Code   RO          862    i.dmp_set_shake_reject_thresh  inv_mpu_dmp_motion_driver.o
    0x08003448   0x08003448   0x00000026   Code   RO          863    i.dmp_set_shake_reject_time  inv_mpu_dmp_motion_driver.o
    0x0800346e   0x0800346e   0x00000026   Code   RO          864    i.dmp_set_shake_reject_timeout  inv_mpu_dmp_motion_driver.o
    0x08003494   0x08003494   0x00000046   Code   RO          865    i.dmp_set_tap_axes  inv_mpu_dmp_motion_driver.o
    0x080034da   0x080034da   0x00000026   Code   RO          866    i.dmp_set_tap_count  inv_mpu_dmp_motion_driver.o
    0x08003500   0x08003500   0x000001a0   Code   RO          867    i.dmp_set_tap_thresh  inv_mpu_dmp_motion_driver.o
    0x080036a0   0x080036a0   0x00000026   Code   RO          868    i.dmp_set_tap_time  inv_mpu_dmp_motion_driver.o
    0x080036c6   0x080036c6   0x00000026   Code   RO          869    i.dmp_set_tap_time_multi  inv_mpu_dmp_motion_driver.o
    0x080036ec   0x080036ec   0x0000001c   Code   RO         1085    i.fputc             usart.o
    0x08003708   0x08003708   0x000000b4   Code   RO          506    i.get_accel_prod_shift  inv_mpu.o
    0x080037bc   0x080037bc   0x00000470   Code   RO          507    i.get_st_biases     inv_mpu.o
    0x08003c2c   0x08003c2c   0x00000110   Code   RO          508    i.gyro_self_test    inv_mpu.o
    0x08003d3c   0x08003d3c   0x00000028   Code   RO          509    i.inv_orientation_matrix_to_scalar  inv_mpu.o
    0x08003d64   0x08003d64   0x0000004e   Code   RO          510    i.inv_row_2_scale   inv_mpu.o
    0x08003db2   0x08003db2   0x00000002   PAD
    0x08003db4   0x08003db4   0x00000094   Code   RO            1    i.main              main.o
    0x08003e48   0x08003e48   0x00000002   Code   RO          511    i.mget_ms           inv_mpu.o
    0x08003e4a   0x08003e4a   0x00000002   PAD
    0x08003e4c   0x08003e4c   0x00000070   Code   RO          512    i.mpu_configure_fifo  inv_mpu.o
    0x08003ebc   0x08003ebc   0x00000224   Code   RO          513    i.mpu_dmp_get_data  inv_mpu.o
    0x080040e0   0x080040e0   0x000000a0   Code   RO          514    i.mpu_dmp_init      inv_mpu.o
    0x08004180   0x08004180   0x0000004c   Code   RO          515    i.mpu_get_accel_fsr  inv_mpu.o
    0x080041cc   0x080041cc   0x00000054   Code   RO          517    i.mpu_get_accel_sens  inv_mpu.o
    0x08004220   0x08004220   0x00000010   Code   RO          522    i.mpu_get_fifo_config  inv_mpu.o
    0x08004230   0x08004230   0x00000044   Code   RO          523    i.mpu_get_gyro_fsr  inv_mpu.o
    0x08004274   0x08004274   0x00000050   Code   RO          525    i.mpu_get_gyro_sens  inv_mpu.o
    0x080042c4   0x080042c4   0x00000050   Code   RO          527    i.mpu_get_lpf       inv_mpu.o
    0x08004314   0x08004314   0x00000020   Code   RO          529    i.mpu_get_sample_rate  inv_mpu.o
    0x08004334   0x08004334   0x000001f0   Code   RO          531    i.mpu_init          inv_mpu.o
    0x08004524   0x08004524   0x000000b8   Code   RO          532    i.mpu_load_firmware  inv_mpu.o
    0x080045dc   0x080045dc   0x000000e0   Code   RO          533    i.mpu_lp_accel_mode  inv_mpu.o
    0x080046bc   0x080046bc   0x000000c0   Code   RO          536    i.mpu_read_fifo_stream  inv_mpu.o
    0x0800477c   0x0800477c   0x00000080   Code   RO          537    i.mpu_read_mem      inv_mpu.o
    0x080047fc   0x080047fc   0x000001c8   Code   RO          540    i.mpu_reset_fifo    inv_mpu.o
    0x080049c4   0x080049c4   0x0000011c   Code   RO          541    i.mpu_run_self_test  inv_mpu.o
    0x08004ae0   0x08004ae0   0x00000084   Code   RO          543    i.mpu_set_accel_fsr  inv_mpu.o
    0x08004b64   0x08004b64   0x0000014c   Code   RO          544    i.mpu_set_bypass    inv_mpu.o
    0x08004cb0   0x08004cb0   0x00000090   Code   RO          546    i.mpu_set_dmp_state  inv_mpu.o
    0x08004d40   0x08004d40   0x00000088   Code   RO          547    i.mpu_set_gyro_fsr  inv_mpu.o
    0x08004dc8   0x08004dc8   0x0000006c   Code   RO          548    i.mpu_set_int_latched  inv_mpu.o
    0x08004e34   0x08004e34   0x00000084   Code   RO          550    i.mpu_set_lpf       inv_mpu.o
    0x08004eb8   0x08004eb8   0x0000009c   Code   RO          551    i.mpu_set_sample_rate  inv_mpu.o
    0x08004f54   0x08004f54   0x000000d0   Code   RO          552    i.mpu_set_sensors   inv_mpu.o
    0x08005024   0x08005024   0x00000080   Code   RO          553    i.mpu_write_mem     inv_mpu.o
    0x080050a4   0x080050a4   0x00000094   Code   RO          554    i.run_self_test     inv_mpu.o
    0x08005138   0x08005138   0x00000090   Code   RO          555    i.set_int_enable    inv_mpu.o
    0x080051c8   0x080051c8   0x0000004c   Code   RO         2541    i.sqrt              m_ws.l(sqrt.o)
    0x08005214   0x08005214   0x000000a0   Code   RO         1086    i.uart_init         usart.o
    0x080052b4   0x080052b4   0x0000002c   Code   RO         2613    locale$$code        c_w.l(lc_numeric_c.o)
    0x080052e0   0x080052e0   0x00000062   Code   RO         2408    x$fpl$d2f           fz_ws.l(d2f.o)
    0x08005342   0x08005342   0x00000002   PAD
    0x08005344   0x08005344   0x00000150   Code   RO         2410    x$fpl$dadd          fz_ws.l(daddsub_clz.o)
    0x08005494   0x08005494   0x00000010   Code   RO         2617    x$fpl$dcheck1       fz_ws.l(dcheck1.o)
    0x080054a4   0x080054a4   0x000002b0   Code   RO         2417    x$fpl$ddiv          fz_ws.l(ddiv.o)
    0x08005754   0x08005754   0x00000154   Code   RO         2426    x$fpl$dmul          fz_ws.l(dmul.o)
    0x080058a8   0x080058a8   0x0000009c   Code   RO         2498    x$fpl$dnaninf       fz_ws.l(dnaninf.o)
    0x08005944   0x08005944   0x0000000c   Code   RO         2500    x$fpl$dretinf       fz_ws.l(dretinf.o)
    0x08005950   0x08005950   0x00000016   Code   RO         2411    x$fpl$drsb          fz_ws.l(daddsub_clz.o)
    0x08005966   0x08005966   0x00000002   PAD
    0x08005968   0x08005968   0x000001cc   Code   RO         2621    x$fpl$dsqrt         fz_ws.l(dsqrt_noumaal.o)
    0x08005b34   0x08005b34   0x000001d4   Code   RO         2412    x$fpl$dsub          fz_ws.l(daddsub_clz.o)
    0x08005d08   0x08005d08   0x00000056   Code   RO         2428    x$fpl$f2d           fz_ws.l(f2d.o)
    0x08005d5e   0x08005d5e   0x00000002   PAD
    0x08005d60   0x08005d60   0x000000c4   Code   RO         2430    x$fpl$fadd          fz_ws.l(faddsub_clz.o)
    0x08005e24   0x08005e24   0x00000018   Code   RO         2502    x$fpl$fcmpinf       fz_ws.l(fcmpi.o)
    0x08005e3c   0x08005e3c   0x00000184   Code   RO         2437    x$fpl$fdiv          fz_ws.l(fdiv.o)
    0x08005fc0   0x08005fc0   0x00000068   Code   RO         2440    x$fpl$feqf          fz_ws.l(feqf.o)
    0x08006028   0x08006028   0x00000036   Code   RO         2442    x$fpl$ffix          fz_ws.l(ffix.o)
    0x0800605e   0x0800605e   0x00000002   PAD
    0x08006060   0x08006060   0x0000003e   Code   RO         2446    x$fpl$ffixu         fz_ws.l(ffixu.o)
    0x0800609e   0x0800609e   0x00000002   PAD
    0x080060a0   0x080060a0   0x00000030   Code   RO         2451    x$fpl$fflt          fz_ws.l(fflt_clz.o)
    0x080060d0   0x080060d0   0x00000026   Code   RO         2450    x$fpl$ffltu         fz_ws.l(fflt_clz.o)
    0x080060f6   0x080060f6   0x00000002   PAD
    0x080060f8   0x080060f8   0x00000068   Code   RO         2456    x$fpl$fleqf         fz_ws.l(fleqf.o)
    0x08006160   0x08006160   0x00000102   Code   RO         2458    x$fpl$fmul          fz_ws.l(fmul.o)
    0x08006262   0x08006262   0x0000008c   Code   RO         2504    x$fpl$fnaninf       fz_ws.l(fnaninf.o)
    0x080062ee   0x080062ee   0x0000000a   Code   RO         2506    x$fpl$fretinf       fz_ws.l(fretinf.o)
    0x080062f8   0x080062f8   0x00000062   Code   RO         2460    x$fpl$frleqf        fz_ws.l(frleqf.o)
    0x0800635a   0x0800635a   0x00000002   PAD
    0x0800635c   0x0800635c   0x000000ea   Code   RO         2432    x$fpl$fsub          fz_ws.l(faddsub_clz.o)
    0x08006446   0x08006446   0x00000004   Code   RO         2462    x$fpl$printf1       fz_ws.l(printf1.o)
    0x0800644a   0x0800644a   0x00000064   Code   RO         2691    x$fpl$retnan        fz_ws.l(retnan.o)
    0x080064ae   0x080064ae   0x0000005c   Code   RO         2508    x$fpl$scalbn        fz_ws.l(scalbn.o)
    0x0800650a   0x0800650a   0x00000030   Code   RO         2703    x$fpl$trapveneer    fz_ws.l(trapv.o)
    0x0800653a   0x0800653a   0x00000000   Code   RO         2510    x$fpl$usenofp       fz_ws.l(usenofp.o)
    0x0800653a   0x0800653a   0x00000002   PAD
    0x0800653c   0x0800653c   0x00000050   Data   RO          557    .constdata          inv_mpu.o
    0x0800658c   0x0800658c   0x00000bf6   Data   RO          871    .constdata          inv_mpu_dmp_motion_driver.o
    0x08007182   0x08007182   0x00000011   Data   RO         2389    .constdata          c_w.l(__printf_flags_wp.o)
    0x08007193   0x08007193   0x00000005   PAD
    0x08007198   0x08007198   0x00000050   Data   RO         2466    .constdata          m_ws.l(asin.o)
    0x080071e8   0x080071e8   0x00000098   Data   RO         2513    .constdata          m_ws.l(atan.o)
    0x08007280   0x08007280   0x00000008   Data   RO         2539    .constdata          m_ws.l(qnan.o)
    0x08007288   0x08007288   0x00000094   Data   RO         2584    .constdata          c_w.l(bigflt0.o)
    0x0800731c   0x0800731c   0x0000004d   Data   RO          558    .conststring        inv_mpu.o
    0x08007369   0x08007369   0x00000003   PAD
    0x0800736c   0x0800736c   0x00000020   Data   RO         2774    Region$$Table       anon$$obj.o
    0x0800738c   0x0800738c   0x0000001c   Data   RO         2612    locale$$data        c_w.l(lc_numeric_c.o)


    Execution Region RW_IRAM1 (Exec base: 0x20000000, Load base: 0x080073a8, Size: 0x000007a8, Max: 0x00005000, ABSOLUTE)

    Exec Addr    Load Addr    Size         Type   Attr      Idx    E Section Name        Object

    0x20000000   0x080073a8   0x00000014   Data   RW          280    .data               system_stm32f10x.o
    0x20000014   0x080073bc   0x00000035   Data   RW          559    .data               inv_mpu.o
    0x20000049   0x080073f1   0x00000001   PAD
    0x2000004a   0x080073f2   0x00000004   Data   RW         1031    .data               delay.o
    0x2000004e   0x080073f6   0x00000002   PAD
    0x20000050   0x080073f8   0x00000006   Data   RW         1088    .data               usart.o
    0x20000056   0x080073fe   0x00000014   Data   RW         1443    .data               stm32f10x_rcc.o
    0x2000006a   0x08007412   0x00000002   PAD
    0x2000006c        -       0x00000010   Zero   RW          870    .bss                inv_mpu_dmp_motion_driver.o
    0x2000007c        -       0x000000c8   Zero   RW         1087    .bss                usart.o
    0x20000144        -       0x00000060   Zero   RW         2626    .bss                c_w.l(libspace.o)
    0x200001a4   0x08007412   0x00000004   PAD
    0x200001a8        -       0x00000200   Zero   RW         1135    HEAP                startup_stm32f10x_hd.o
    0x200003a8        -       0x00000400   Zero   RW         1134    STACK               startup_stm32f10x_hd.o


==============================================================================

Image component sizes


      Code (inc. data)   RO Data    RW Data    ZI Data      Debug   Object Name

       220         26          0          4          0       1735   delay.o
      6864        290        157         53          0      31360   inv_mpu.o
      3096        122       3062          0         16      20862   inv_mpu_dmp_motion_driver.o
        56          6          0          0          0     203875   led.o
       148         22          0          0          0       5007   main.o
       172         22          0          0          0       2065   misc.o
       678         12          0          0          0       6331   mpu6050.o
       662        100          0          0          0       4866   mpuiic.o
        64         26        304          0       1536        796   startup_stm32f10x_hd.o
       426          6          0          0          0       3349   stm32f10x_gpio.o
        26          0          0          0          0      26906   stm32f10x_it.o
       244         26          0         20          0       3877   stm32f10x_rcc.o
       408          6          0          0          0       5022   stm32f10x_usart.o
         0          0          0          0          0         32   sys.o
       328         28          0         20          0       2097   system_stm32f10x.o
       330         26          0          6        200       4172   usart.o

    ----------------------------------------------------------------------
     13736        718       3558        108       1752     322352   Object Totals
         0          0         32          0          0          0   (incl. Generated)
        14          0          3          5          0          0   (incl. Padding)

    ----------------------------------------------------------------------

      Code (inc. data)   RO Data    RW Data    ZI Data      Debug   Library Member Name

         8          0          0          0          0         68   __main.o
       312          4         17          0          0         92   __printf_flags_wp.o
        14          0          0          0          0         68   __printf_wp.o
         0          0          0          0          0          0   __rtentry.o
        12          0          0          0          0          0   __rtentry2.o
         6          0          0          0          0          0   __rtentry4.o
        52          8          0          0          0          0   __scatter.o
        26          0          0          0          0          0   __scatter_copy.o
        28          0          0          0          0          0   __scatter_zi.o
        48          6          0          0          0         96   _printf_char_common.o
        36          4          0          0          0         80   _printf_char_file.o
         6          0          0          0          0          0   _printf_d.o
       120         16          0          0          0         92   _printf_dec.o
         6          0          0          0          0          0   _printf_f.o
      1054          0          0          0          0        216   _printf_fp_dec.o
       128         16          0          0          0         84   _printf_fp_infnan.o
       178          0          0          0          0         88   _printf_intcommon.o
         0          0          0          0          0          0   _printf_percent.o
         4          0          0          0          0          0   _printf_percent_end.o
        22          0          0          0          0        100   _rserrno.o
        16          0          0          0          0         68   aeabi_memset.o
       228          4        148          0          0         96   bigflt0.o
      1936        128          0          0          0        672   btod.o
        18          0          0          0          0         80   exit.o
         8          0          0          0          0         68   ferror.o
         6          0          0          0          0        152   heapauxi.o
        44         10         28          0          0         76   lc_numeric_c.o
         2          0          0          0          0          0   libinit.o
        18          0          0          0          0          0   libinit2.o
         2          0          0          0          0          0   libshutdown.o
         2          0          0          0          0          0   libshutdown2.o
         8          4          0          0         96         68   libspace.o
        72          0          0          0          0         76   llsdiv.o
       138          0          0          0          0         80   lludiv10.o
       238          0          0          0          0        100   lludivv7m.o
        88          0          0          0          0         76   memcmp.o
        24          4          0          0          0         84   noretval__2printf.o
         8          4          0          0          0         68   rt_errno_addr_intlibspace.o
         8          4          0          0          0         68   rt_locale_intlibspace.o
        68          0          0          0          0         68   rt_memclr.o
        78          0          0          0          0         80   rt_memclr_w.o
         2          0          0          0          0          0   rtexit.o
        10          0          0          0          0          0   rtexit2.o
       128          0          0          0          0         68   strcmpv7m.o
        74          0          0          0          0         80   sys_stackheap_outer.o
         2          0          0          0          0         68   use_no_semi.o
         2          0          0          0          0         68   use_no_semi_2.o
        98          4          0          0          0         92   d2f.o
       826         16          0          0          0        348   daddsub_clz.o
        16          4          0          0          0         68   dcheck1.o
       688        140          0          0          0        208   ddiv.o
       340         12          0          0          0        104   dmul.o
       156          4          0          0          0         92   dnaninf.o
        12          0          0          0          0         68   dretinf.o
       460         56          0          0          0        120   dsqrt_noumaal.o
        86          4          0          0          0         84   f2d.o
       430          8          0          0          0        168   faddsub_clz.o
        24          0          0          0          0         68   fcmpi.o
       388         76          0          0          0         96   fdiv.o
       104          4          0          0          0         84   feqf.o
        54          4          0          0          0         84   ffix.o
        62          4          0          0          0         84   ffixu.o
        86          0          0          0          0        136   fflt_clz.o
       104          4          0          0          0         84   fleqf.o
       258          4          0          0          0         84   fmul.o
       140          4          0          0          0         84   fnaninf.o
        10          0          0          0          0         68   fretinf.o
        98          0          0          0          0         68   frleqf.o
         4          0          0          0          0         68   printf1.o
       100          0          0          0          0         68   retnan.o
        92          0          0          0          0         68   scalbn.o
        48          0          0          0          0         68   trapv.o
         0          0          0          0          0          0   usenofp.o
       624         52         80          0          0        168   asin.o
       544         70        152          0          0        124   atan.o
       384         38          0          0          0        144   atan2.o
        38          6          0          0          0        272   dunder.o
        40          0          0          0          0         68   fpclassify.o
       170          0          0          0          0         96   poly.o
         0          0          8          0          0          0   qnan.o
        76          0          0          0          0         84   sqrt.o

    ----------------------------------------------------------------------
     11876        726        438          0        100       6768   Library Totals
        28          0          5          0          4          0   (incl. Padding)

    ----------------------------------------------------------------------

      Code (inc. data)   RO Data    RW Data    ZI Data      Debug   Library Name

      5288        212        193          0         96       3248   c_w.l
      4684        348          0          0          0       2564   fz_ws.l
      1876        166        240          0          0        956   m_ws.l

    ----------------------------------------------------------------------
     11876        726        438          0        100       6768   Library Totals

    ----------------------------------------------------------------------

==============================================================================


      Code (inc. data)   RO Data    RW Data    ZI Data      Debug   

     25612       1444       3996        108       1852     320016   Grand Totals
     25612       1444       3996        108       1852     320016   ELF Image Totals
     25612       1444       3996        108          0          0   ROM Totals

==============================================================================

    Total RO  Size (Code + RO Data)                29608 (  28.91kB)
    Total RW  Size (RW Data + ZI Data)              1960 (   1.91kB)
    Total ROM Size (Code + RO Data + RW Data)      29716 (  29.02kB)

==============================================================================

